Archive member included to satisfy reference by file (symbol)

C:/stm32_enviroment/arm-gnu-toolchain-13.3.rel1-mingw-w64-i686-arm-none-eabi/bin/../lib/gcc/arm-none-eabi/13.3.1/thumb/v7-m/nofp\libg.a(libc_a-exit.o)
                              C:/stm32_enviroment/arm-gnu-toolchain-13.3.rel1-mingw-w64-i686-arm-none-eabi/bin/../lib/gcc/arm-none-eabi/13.3.1/thumb/v7-m/nofp/crt0.o (exit)
C:/stm32_enviroment/arm-gnu-toolchain-13.3.rel1-mingw-w64-i686-arm-none-eabi/bin/../lib/gcc/arm-none-eabi/13.3.1/thumb/v7-m/nofp\libg.a(libc_a-findfp.o)
                              C:/stm32_enviroment/arm-gnu-toolchain-13.3.rel1-mingw-w64-i686-arm-none-eabi/bin/../lib/gcc/arm-none-eabi/13.3.1/thumb/v7-m/nofp\libg.a(libc_a-exit.o) (__stdio_exit_handler)
C:/stm32_enviroment/arm-gnu-toolchain-13.3.rel1-mingw-w64-i686-arm-none-eabi/bin/../lib/gcc/arm-none-eabi/13.3.1/thumb/v7-m/nofp\libg.a(libc_a-fwalk.o)
                              C:/stm32_enviroment/arm-gnu-toolchain-13.3.rel1-mingw-w64-i686-arm-none-eabi/bin/../lib/gcc/arm-none-eabi/13.3.1/thumb/v7-m/nofp\libg.a(libc_a-findfp.o) (_fwalk_sglue)
C:/stm32_enviroment/arm-gnu-toolchain-13.3.rel1-mingw-w64-i686-arm-none-eabi/bin/../lib/gcc/arm-none-eabi/13.3.1/thumb/v7-m/nofp\libg.a(libc_a-stdio.o)
                              C:/stm32_enviroment/arm-gnu-toolchain-13.3.rel1-mingw-w64-i686-arm-none-eabi/bin/../lib/gcc/arm-none-eabi/13.3.1/thumb/v7-m/nofp\libg.a(libc_a-findfp.o) (__sread)
C:/stm32_enviroment/arm-gnu-toolchain-13.3.rel1-mingw-w64-i686-arm-none-eabi/bin/../lib/gcc/arm-none-eabi/13.3.1/thumb/v7-m/nofp\libg.a(libc_a-vsprintf.o)
                              CMakeFiles/led_bill.elf.dir/Bsp/Src/Bsp_usart.c.obj (vsprintf)
C:/stm32_enviroment/arm-gnu-toolchain-13.3.rel1-mingw-w64-i686-arm-none-eabi/bin/../lib/gcc/arm-none-eabi/13.3.1/thumb/v7-m/nofp\libg.a(libc_a-memset.o)
                              C:/stm32_enviroment/arm-gnu-toolchain-13.3.rel1-mingw-w64-i686-arm-none-eabi/bin/../lib/gcc/arm-none-eabi/13.3.1/thumb/v7-m/nofp/crt0.o (memset)
C:/stm32_enviroment/arm-gnu-toolchain-13.3.rel1-mingw-w64-i686-arm-none-eabi/bin/../lib/gcc/arm-none-eabi/13.3.1/thumb/v7-m/nofp\libg.a(libc_a-closer.o)
                              C:/stm32_enviroment/arm-gnu-toolchain-13.3.rel1-mingw-w64-i686-arm-none-eabi/bin/../lib/gcc/arm-none-eabi/13.3.1/thumb/v7-m/nofp\libg.a(libc_a-stdio.o) (_close_r)
C:/stm32_enviroment/arm-gnu-toolchain-13.3.rel1-mingw-w64-i686-arm-none-eabi/bin/../lib/gcc/arm-none-eabi/13.3.1/thumb/v7-m/nofp\libg.a(libc_a-reent.o)
                              C:/stm32_enviroment/arm-gnu-toolchain-13.3.rel1-mingw-w64-i686-arm-none-eabi/bin/../lib/gcc/arm-none-eabi/13.3.1/thumb/v7-m/nofp\libg.a(libc_a-closer.o) (errno)
C:/stm32_enviroment/arm-gnu-toolchain-13.3.rel1-mingw-w64-i686-arm-none-eabi/bin/../lib/gcc/arm-none-eabi/13.3.1/thumb/v7-m/nofp\libg.a(libc_a-impure.o)
                              C:/stm32_enviroment/arm-gnu-toolchain-13.3.rel1-mingw-w64-i686-arm-none-eabi/bin/../lib/gcc/arm-none-eabi/13.3.1/thumb/v7-m/nofp\libg.a(libc_a-vsprintf.o) (_impure_ptr)
C:/stm32_enviroment/arm-gnu-toolchain-13.3.rel1-mingw-w64-i686-arm-none-eabi/bin/../lib/gcc/arm-none-eabi/13.3.1/thumb/v7-m/nofp\libg.a(libc_a-lseekr.o)
                              C:/stm32_enviroment/arm-gnu-toolchain-13.3.rel1-mingw-w64-i686-arm-none-eabi/bin/../lib/gcc/arm-none-eabi/13.3.1/thumb/v7-m/nofp\libg.a(libc_a-stdio.o) (_lseek_r)
C:/stm32_enviroment/arm-gnu-toolchain-13.3.rel1-mingw-w64-i686-arm-none-eabi/bin/../lib/gcc/arm-none-eabi/13.3.1/thumb/v7-m/nofp\libg.a(libc_a-readr.o)
                              C:/stm32_enviroment/arm-gnu-toolchain-13.3.rel1-mingw-w64-i686-arm-none-eabi/bin/../lib/gcc/arm-none-eabi/13.3.1/thumb/v7-m/nofp\libg.a(libc_a-stdio.o) (_read_r)
C:/stm32_enviroment/arm-gnu-toolchain-13.3.rel1-mingw-w64-i686-arm-none-eabi/bin/../lib/gcc/arm-none-eabi/13.3.1/thumb/v7-m/nofp\libg.a(libc_a-writer.o)
                              C:/stm32_enviroment/arm-gnu-toolchain-13.3.rel1-mingw-w64-i686-arm-none-eabi/bin/../lib/gcc/arm-none-eabi/13.3.1/thumb/v7-m/nofp\libg.a(libc_a-stdio.o) (_write_r)
C:/stm32_enviroment/arm-gnu-toolchain-13.3.rel1-mingw-w64-i686-arm-none-eabi/bin/../lib/gcc/arm-none-eabi/13.3.1/thumb/v7-m/nofp\libg.a(libc_a-errno.o)
                              CMakeFiles/led_bill.elf.dir/Core/Src/syscalls.c.obj (__errno)
C:/stm32_enviroment/arm-gnu-toolchain-13.3.rel1-mingw-w64-i686-arm-none-eabi/bin/../lib/gcc/arm-none-eabi/13.3.1/thumb/v7-m/nofp\libg.a(libc_a-init.o)
                              C:/stm32_enviroment/arm-gnu-toolchain-13.3.rel1-mingw-w64-i686-arm-none-eabi/bin/../lib/gcc/arm-none-eabi/13.3.1/thumb/v7-m/nofp/crt0.o (__libc_init_array)
C:/stm32_enviroment/arm-gnu-toolchain-13.3.rel1-mingw-w64-i686-arm-none-eabi/bin/../lib/gcc/arm-none-eabi/13.3.1/thumb/v7-m/nofp\libg.a(libc_a-lock.o)
[...]
Memory Configuration

Name             Origin             Length             Attributes
RAM              0x20000000         0x00005000         xrw
FLASH            0x08000000         0x00010000         xr
*default*        0x00000000         0xffffffff

Linker script and memory map

LOAD C:/stm32_enviroment/arm-gnu-toolchain-13.3.rel1-mingw-w64-i686-arm-none-eabi/bin/../lib/gcc/arm-none-eabi/13.3.1/thumb/v7-m/nofp/crti.o
LOAD C:/stm32_enviroment/arm-gnu-toolchain-13.3.rel1-mingw-w64-i686-arm-none-eabi/bin/../lib/gcc/arm-none-eabi/13.3.1/thumb/v7-m/nofp/crtbegin.o
LOAD C:/stm32_enviroment/arm-gnu-toolchain-13.3.rel1-mingw-w64-i686-arm-none-eabi/bin/../lib/gcc/arm-none-eabi/13.3.1/thumb/v7-m/nofp/crt0.o
LOAD CMakeFiles/led_bill.elf.dir/Bsp/Src/Bsp_motorUsart.c.obj
LOAD CMakeFiles/led_bill.elf.dir/Bsp/Src/Bsp_usart.c.obj
LOAD CMakeFiles/led_bill.elf.dir/Core/Src/gpio.c.obj
LOAD CMakeFiles/led_bill.elf.dir/Core/Src/main.c.obj
LOAD CMakeFiles/led_bill.elf.dir/Core/Src/stm32f1xx_hal_msp.c.obj
LOAD CMakeFiles/led_bill.elf.dir/Core/Src/stm32f1xx_it.c.obj
LOAD CMakeFiles/led_bill.elf.dir/Core/Src/syscalls.c.obj
LOAD CMakeFiles/led_bill.elf.dir/Core/Src/sysmem.c.obj
LOAD CMakeFiles/led_bill.elf.dir/Core/Src/system_stm32f1xx.c.obj
LOAD CMakeFiles/led_bill.elf.dir/Core/Src/usart.c.obj
LOAD CMakeFiles/led_bill.elf.dir/Core/Startup/startup_stm32f103c8tx.s.obj
LOAD CMakeFiles/led_bill.elf.dir/Drivers/STM32F1xx_HAL_Driver/Src/stm32f1xx_hal.c.obj
LOAD CMakeFiles/led_bill.elf.dir/Drivers/STM32F1xx_HAL_Driver/Src/stm32f1xx_hal_cortex.c.obj
LOAD CMakeFiles/led_bill.elf.dir/Drivers/STM32F1xx_HAL_Driver/Src/stm32f1xx_hal_dma.c.obj
LOAD CMakeFiles/led_bill.elf.dir/Drivers/STM32F1xx_HAL_Driver/Src/stm32f1xx_hal_exti.c.obj
LOAD CMakeFiles/led_bill.elf.dir/Drivers/STM32F1xx_HAL_Driver/Src/stm32f1xx_hal_flash.c.obj
LOAD CMakeFiles/led_bill.elf.dir/Drivers/STM32F1xx_HAL_Driver/Src/stm32f1xx_hal_flash_ex.c.obj
LOAD CMakeFiles/led_bill.elf.dir/Drivers/STM32F1xx_HAL_Driver/Src/stm32f1xx_hal_gpio.c.obj
LOAD CMakeFiles/led_bill.elf.dir/Drivers/STM32F1xx_HAL_Driver/Src/stm32f1xx_hal_gpio_ex.c.obj
LOAD CMakeFiles/led_bill.elf.dir/Drivers/STM32F1xx_HAL_Driver/Src/stm32f1xx_hal_pwr.c.obj
LOAD CMakeFiles/led_bill.elf.dir/Drivers/STM32F1xx_HAL_Driver/Src/stm32f1xx_hal_rcc.c.obj
LOAD CMakeFiles/led_bill.elf.dir/Drivers/STM32F1xx_HAL_Driver/Src/stm32f1xx_hal_rcc_ex.c.obj
LOAD CMakeFiles/led_bill.elf.dir/Drivers/STM32F1xx_HAL_Driver/Src/stm32f1xx_hal_tim.c.obj
LOAD CMakeFiles/led_bill.elf.dir/Drivers/STM32F1xx_HAL_Driver/Src/stm32f1xx_hal_tim_ex.c.obj
LOAD CMakeFiles/led_bill.elf.dir/Drivers/STM32F1xx_HAL_Driver/Src/stm32f1xx_hal_uart.c.obj
START GROUP
LOAD C:/stm32_enviroment/arm-gnu-toolchain-13.3.rel1-mingw-w64-i686-arm-none-eabi/bin/../lib/gcc/arm-none-eabi/13.3.1/thumb/v7-m/nofp\libgcc.a
LOAD C:/stm32_enviroment/arm-gnu-toolchain-13.3.rel1-mingw-w64-i686-arm-none-eabi/bin/../lib/gcc/arm-none-eabi/13.3.1/thumb/v7-m/nofp\libg.a
LOAD C:/stm32_enviroment/arm-gnu-toolchain-13.3.rel1-mingw-w64-i686-arm-none-eabi/bin/../lib/gcc/arm-none-eabi/13.3.1/thumb/v7-m/nofp\libc.a
END GROUP
LOAD C:/stm32_enviroment/arm-gnu-toolchain-13.3.rel1-mingw-w64-i686-arm-none-eabi/bin/../lib/gcc/arm-none-eabi/13.3.1/thumb/v7-m/nofp/crtend.o
LOAD C:/stm32_enviroment/arm-gnu-toolchain-13.3.rel1-mingw-w64-i686-arm-none-eabi/bin/../lib/gcc/arm-none-eabi/13.3.1/thumb/v7-m/nofp/crtn.o
                0x20005000                        _estack = (ORIGIN (RAM) + LENGTH (RAM))
                0x00000200                        _Min_Heap_Size = 0x200
                0x00000400                        _Min_Stack_Size = 0x400

.isr_vector     0x08000000      0x10c
                0x08000000                        . = ALIGN (0x4)
 *(.isr_vector)
 .isr_vector    0x08000000      0x10c CMakeFiles/led_bill.elf.dir/Core/Startup/startup_stm32f103c8tx.s.obj
                0x08000000                g_pfnVectors
                0x0800010c                        . = ALIGN (0x4)

.text           0x08000110     0x8030
                0x08000110                        . = ALIGN (0x4)
 *(.text)
 .text          0x08000110       0xec C:/stm32_enviroment/arm-gnu-toolchain-13.3.rel1-mingw-w64-i686-arm-none-eabi/bin/../lib/gcc/arm-none-eabi/13.3.1/thumb/v7-m/nofp\libg.a(libc_a-memcpy.o)
                0x08000110                memcpy
 .text          0x080001fc      0x378 C:/stm32_enviroment/arm-gnu-toolchain-13.3.rel1-mingw-w64-i686-arm-none-eabi/bin/../lib/gcc/arm-none-eabi/13.3.1/thumb/v7-m/nofp\libgcc.a(_arm_addsubdf3.o)
                0x080001fc                __aeabi_drsub
                0x08000204                __aeabi_dsub
                0x08000204                __subdf3
                0x08000208                __aeabi_dadd
                0x08000208                __adddf3
                0x08000480                __floatunsidf
                0x08000480                __aeabi_ui2d
                0x080004a0                __floatsidf
                0x080004a0                __aeabi_i2d
                0x080004c4                __aeabi_f2d
                0x080004c4                __extendsfdf2
                0x08000508                __floatundidf
                0x08000508                __aeabi_ul2d
                0x08000518                __floatdidf
                0x08000518                __aeabi_l2d
 .text          0x08000574      0x424 C:/stm32_enviroment/arm-gnu-toolchain-13.3.rel1-mingw-w64-i686-arm-none-eabi/bin/../lib/gcc/arm-none-eabi/13.3.1/thumb/v7-m/nofp\libgcc.a(_arm_muldivdf3.o)
                0x08000574                __aeabi_dmul
                0x08000574                __muldf3
                0x080007c8                __divdf3
                0x080007c8                __aeabi_ddiv
 .text          0x08000998      0x110 C:/stm32_enviroment/arm-gnu-toolchain-13.3.rel1-mingw-w64-i686-arm-none-eabi/bin/../lib/gcc/arm-none-eabi/13.3.1/thumb/v7-m/nofp\libgcc.a(_arm_cmpdf2.o)
                0x08000998                __gtdf2
                0x08000998                __gedf2
                0x080009a0                __ltdf2
                0x080009a0                __ledf2
                0x080009a8                __nedf2
                0x080009a8                __eqdf2
                0x080009a8                __cmpdf2
                0x08000a24                __aeabi_cdrcmple
                0x08000a34                __aeabi_cdcmpeq
                0x08000a34                __aeabi_cdcmple
                0x08000a44                __aeabi_dcmpeq
                0x08000a58                __aeabi_dcmplt
                0x08000a6c                __aeabi_dcmple
                0x08000a80                __aeabi_dcmpge
                0x08000a94                __aeabi_dcmpgt
 .text          0x08000aa8       0x2c C:/stm32_enviroment/arm-gnu-toolchain-13.3.rel1-mingw-w64-i686-arm-none-eabi/bin/../lib/gcc/arm-none-eabi/13.3.1/thumb/v7-m/nofp\libgcc.a(_arm_unorddf2.o)
                0x08000aa8                __unorddf2
                0x08000aa8                __aeabi_dcmpun
 .text          0x08000ad4       0x50 C:/stm32_enviroment/arm-gnu-toolchain-13.3.rel1-mingw-w64-i686-arm-none-eabi/bin/../lib/gcc/arm-none-eabi/13.3.1/thumb/v7-m/nofp\libgcc.a(_arm_fixdfsi.o)
                0x08000ad4                __aeabi_d2iz
                0x08000ad4                __fixdfsi
 *(.text*)
 .text.deregister_tm_clones
                0x08000b24       0x1c C:/stm32_enviroment/arm-gnu-toolchain-13.3.rel1-mingw-w64-i686-arm-none-eabi/bin/../lib/gcc/arm-none-eabi/13.3.1/thumb/v7-m/nofp/crtbegin.o
 .text.register_tm_clones
                0x08000b40       0x24 C:/stm32_enviroment/arm-gnu-toolchain-13.3.rel1-mingw-w64-i686-arm-none-eabi/bin/../lib/gcc/arm-none-eabi/13.3.1/thumb/v7-m/nofp/crtbegin.o
 .text.__do_global_dtors_aux
                0x08000b64       0x28 C:/stm32_enviroment/arm-gnu-toolchain-13.3.rel1-mingw-w64-i686-arm-none-eabi/bin/../lib/gcc/arm-none-eabi/13.3.1/thumb/v7-m/nofp/crtbegin.o
 .text.frame_dummy
                0x08000b8c       0x24 C:/stm32_enviroment/arm-gnu-toolchain-13.3.rel1-mingw-w64-i686-arm-none-eabi/bin/../lib/gcc/arm-none-eabi/13.3.1/thumb/v7-m/nofp/crtbegin.o
 .text.Printf   0x08000bb0       0x50 CMakeFiles/led_bill.elf.dir/Bsp/Src/Bsp_usart.c.obj
                0x08000bb0                Printf
 .text.HAL_UART_RxCpltCallback
                0x08000c00       0x44 CMakeFiles/led_bill.elf.dir/Bsp/Src/Bsp_usart.c.obj
                0x08000c00                HAL_UART_RxCpltCallback
 .text.MX_GPIO_Init
                0x08000c44       0x78 CMakeFiles/led_bill.elf.dir/Core/Src/gpio.c.obj
                0x08000c44                MX_GPIO_Init
 .text.Error_Handler
                0x08000cbc        0x4 CMakeFiles/led_bill.elf.dir/Core/Src/main.c.obj
                0x08000cbc                Error_Handler
 .text.SystemClock_Config
                0x08000cc0       0x64 CMakeFiles/led_bill.elf.dir/Core/Src/main.c.obj
                0x08000cc0                SystemClock_Config
 .text.main     0x08000d24       0x3c CMakeFiles/led_bill.elf.dir/Core/Src/main.c.obj
                0x08000d24                main
 .text.HAL_MspInit
                0x08000d60       0x44 CMakeFiles/led_bill.elf.dir/Core/Src/stm32f1xx_hal_msp.c.obj
                0x08000d60                HAL_MspInit
 .text.NMI_Handler
                0x08000da4        0x2 CMakeFiles/led_bill.elf.dir/Core/Src/stm32f1xx_it.c.obj
                0x08000da4                NMI_Handler
 .text.HardFault_Handler
                0x08000da6        0x2 CMakeFiles/led_bill.elf.dir/Core/Src/stm32f1xx_it.c.obj
                0x08000da6                HardFault_Handler
 .text.MemManage_Handler
                0x08000da8        0x2 CMakeFiles/led_bill.elf.dir/Core/Src/stm32f1xx_it.c.obj
                0x08000da8                MemManage_Handler
 .text.BusFault_Handler
                0x08000daa        0x2 CMakeFiles/led_bill.elf.dir/Core/Src/stm32f1xx_it.c.obj
                0x08000daa                BusFault_Handler
 .text.UsageFault_Handler
                0x08000dac        0x2 CMakeFiles/led_bill.elf.dir/Core/Src/stm32f1xx_it.c.obj
                0x08000dac                UsageFault_Handler
 .text.SVC_Handler
                0x08000dae        0x2 CMakeFiles/led_bill.elf.dir/Core/Src/stm32f1xx_it.c.obj
                0x08000dae                SVC_Handler
 .text.DebugMon_Handler
                0x08000db0        0x2 CMakeFiles/led_bill.elf.dir/Core/Src/stm32f1xx_it.c.obj
                0x08000db0                DebugMon_Handler
 .text.PendSV_Handler
                0x08000db2        0x2 CMakeFiles/led_bill.elf.dir/Core/Src/stm32f1xx_it.c.obj
                0x08000db2                PendSV_Handler
 .text.SysTick_Handler
                0x08000db4        0x8 CMakeFiles/led_bill.elf.dir/Core/Src/stm32f1xx_it.c.obj
                0x08000db4                SysTick_Handler
 .text.USART1_IRQHandler
                0x08000dbc       0x10 CMakeFiles/led_bill.elf.dir/Core/Src/stm32f1xx_it.c.obj
                0x08000dbc                USART1_IRQHandler
 .text._getpid  0x08000dcc        0x4 CMakeFiles/led_bill.elf.dir/Core/Src/syscalls.c.obj
                0x08000dcc                _getpid
 .text._kill    0x08000dd0       0x10 CMakeFiles/led_bill.elf.dir/Core/Src/syscalls.c.obj
                0x08000dd0                _kill
 .text._exit    0x08000de0        0xc CMakeFiles/led_bill.elf.dir/Core/Src/syscalls.c.obj
                0x08000de0                _exit
 .text._read    0x08000dec       0x20 CMakeFiles/led_bill.elf.dir/Core/Src/syscalls.c.obj
                0x08000dec                _read
 .text._write   0x08000e0c       0x1c CMakeFiles/led_bill.elf.dir/Core/Src/syscalls.c.obj
                0x08000e0c                _write
 .text._close   0x08000e28        0x6 CMakeFiles/led_bill.elf.dir/Core/Src/syscalls.c.obj
                0x08000e28                _close
 .text._fstat   0x08000e2e        0xa CMakeFiles/led_bill.elf.dir/Core/Src/syscalls.c.obj
                0x08000e2e                _fstat
 .text._isatty  0x08000e38        0x4 CMakeFiles/led_bill.elf.dir/Core/Src/syscalls.c.obj
                0x08000e38                _isatty
 .text._lseek   0x08000e3c        0x4 CMakeFiles/led_bill.elf.dir/Core/Src/syscalls.c.obj
                0x08000e3c                _lseek
 .text._sbrk    0x08000e40       0x48 CMakeFiles/led_bill.elf.dir/Core/Src/sysmem.c.obj
                0x08000e40                _sbrk
 .text.SystemInit
                0x08000e88        0x2 CMakeFiles/led_bill.elf.dir/Core/Src/system_stm32f1xx.c.obj
                0x08000e88                SystemInit
 *fill*         0x08000e8a        0x2 
 .text.MX_USART1_UART_Init
                0x08000e8c       0x34 CMakeFiles/led_bill.elf.dir/Core/Src/usart.c.obj
                0x08000e8c                MX_USART1_UART_Init
 .text.HAL_UART_MspInit
                0x08000ec0       0x88 CMakeFiles/led_bill.elf.dir/Core/Src/usart.c.obj
                0x08000ec0                HAL_UART_MspInit
 .text.Reset_Handler
                0x08000f48       0x48 CMakeFiles/led_bill.elf.dir/Core/Startup/startup_stm32f103c8tx.s.obj
                0x08000f48                Reset_Handler
 .text.Default_Handler
                0x08000f90        0x2 CMakeFiles/led_bill.elf.dir/Core/Startup/startup_stm32f103c8tx.s.obj
                0x08000f90                RTC_Alarm_IRQHandler
                0x08000f90                EXTI2_IRQHandler
                0x08000f90                TIM1_CC_IRQHandler
                0x08000f90                PVD_IRQHandler
                0x08000f90                EXTI3_IRQHandler
                0x08000f90                EXTI0_IRQHandler
                0x08000f90                I2C2_EV_IRQHandler
                0x08000f90                ADC1_2_IRQHandler
                0x08000f90                SPI1_IRQHandler
                0x08000f90                TAMPER_IRQHandler
                0x08000f90                DMA1_Channel4_IRQHandler
                0x08000f90                USART3_IRQHandler
                0x08000f90                RTC_IRQHandler
                0x08000f90                DMA1_Channel7_IRQHandler
                0x08000f90                CAN1_RX1_IRQHandler
                0x08000f90                TIM4_IRQHandler
                0x08000f90                I2C1_EV_IRQHandler
                0x08000f90                DMA1_Channel6_IRQHandler
                0x08000f90                TIM3_IRQHandler
                0x08000f90                RCC_IRQHandler
                0x08000f90                TIM1_TRG_COM_IRQHandler
                0x08000f90                DMA1_Channel1_IRQHandler
                0x08000f90                Default_Handler
                0x08000f90                EXTI15_10_IRQHandler
                0x08000f90                EXTI9_5_IRQHandler
                0x08000f90                SPI2_IRQHandler
                0x08000f90                DMA1_Channel5_IRQHandler
                0x08000f90                EXTI4_IRQHandler
                0x08000f90                USB_LP_CAN1_RX0_IRQHandler
                0x08000f90                USB_HP_CAN1_TX_IRQHandler
                0x08000f90                DMA1_Channel3_IRQHandler
                0x08000f90                TIM1_UP_IRQHandler
                0x08000f90                WWDG_IRQHandler
                0x08000f90                TIM2_IRQHandler
                0x08000f90                TIM1_BRK_IRQHandler
                0x08000f90                EXTI1_IRQHandler
                0x08000f90                USART2_IRQHandler
                0x08000f90                I2C2_ER_IRQHandler
                0x08000f90                DMA1_Channel2_IRQHandler
                0x08000f90                CAN1_SCE_IRQHandler
                0x08000f90                FLASH_IRQHandler
                0x08000f90                I2C1_ER_IRQHandler
                0x08000f90                USBWakeUp_IRQHandler
 *fill*         0x08000f92        0x2 
 .text.HAL_InitTick
                0x08000f94       0x4c CMakeFiles/led_bill.elf.dir/Drivers/STM32F1xx_HAL_Driver/Src/stm32f1xx_hal.c.obj
                0x08000f94                HAL_InitTick
 .text.HAL_Init
                0x08000fe0       0x24 CMakeFiles/led_bill.elf.dir/Drivers/STM32F1xx_HAL_Driver/Src/stm32f1xx_hal.c.obj
                0x08000fe0                HAL_Init
 .text.HAL_IncTick
                0x08001004       0x18 CMakeFiles/led_bill.elf.dir/Drivers/STM32F1xx_HAL_Driver/Src/stm32f1xx_hal.c.obj
                0x08001004                HAL_IncTick
 .text.HAL_GetTick
                0x0800101c        0xc CMakeFiles/led_bill.elf.dir/Drivers/STM32F1xx_HAL_Driver/Src/stm32f1xx_hal.c.obj
                0x0800101c                HAL_GetTick
 .text.HAL_Delay
                0x08001028       0x28 CMakeFiles/led_bill.elf.dir/Drivers/STM32F1xx_HAL_Driver/Src/stm32f1xx_hal.c.obj
                0x08001028                HAL_Delay
 .text.__NVIC_SetPriority
                0x08001050       0x28 CMakeFiles/led_bill.elf.dir/Drivers/STM32F1xx_HAL_Driver/Src/stm32f1xx_hal_cortex.c.obj
 .text.NVIC_EncodePriority
                0x08001078       0x3e CMakeFiles/led_bill.elf.dir/Drivers/STM32F1xx_HAL_Driver/Src/stm32f1xx_hal_cortex.c.obj
 *fill*         0x080010b6        0x2 
 .text.HAL_NVIC_SetPriorityGrouping
                0x080010b8       0x24 CMakeFiles/led_bill.elf.dir/Drivers/STM32F1xx_HAL_Driver/Src/stm32f1xx_hal_cortex.c.obj
                0x080010b8                HAL_NVIC_SetPriorityGrouping
 .text.HAL_NVIC_SetPriority
                0x080010dc       0x20 CMakeFiles/led_bill.elf.dir/Drivers/STM32F1xx_HAL_Driver/Src/stm32f1xx_hal_cortex.c.obj
                0x080010dc                HAL_NVIC_SetPriority
 .text.HAL_NVIC_EnableIRQ
                0x080010fc       0x1c CMakeFiles/led_bill.elf.dir/Drivers/STM32F1xx_HAL_Driver/Src/stm32f1xx_hal_cortex.c.obj
                0x080010fc                HAL_NVIC_EnableIRQ
 .text.HAL_SYSTICK_Config
                0x08001118       0x28 CMakeFiles/led_bill.elf.dir/Drivers/STM32F1xx_HAL_Driver/Src/stm32f1xx_hal_cortex.c.obj
                0x08001118                HAL_SYSTICK_Config
 .text.HAL_DMA_Abort
                0x08001140       0x46 CMakeFiles/led_bill.elf.dir/Drivers/STM32F1xx_HAL_Driver/Src/stm32f1xx_hal_dma.c.obj
                0x08001140                HAL_DMA_Abort
 *fill*         0x08001186        0x2 
 .text.HAL_DMA_Abort_IT
                0x08001188       0x98 CMakeFiles/led_bill.elf.dir/Drivers/STM32F1xx_HAL_Driver/Src/stm32f1xx_hal_dma.c.obj
                0x08001188                HAL_DMA_Abort_IT
 .text.HAL_GPIO_Init
                0x08001220      0x21c CMakeFiles/led_bill.elf.dir/Drivers/STM32F1xx_HAL_Driver/Src/stm32f1xx_hal_gpio.c.obj
                0x08001220                HAL_GPIO_Init
 .text.HAL_GPIO_WritePin
                0x0800143c        0xc CMakeFiles/led_bill.elf.dir/Drivers/STM32F1xx_HAL_Driver/Src/stm32f1xx_hal_gpio.c.obj
                0x0800143c                HAL_GPIO_WritePin
 .text.HAL_GPIO_TogglePin
                0x08001448       0x12 CMakeFiles/led_bill.elf.dir/Drivers/STM32F1xx_HAL_Driver/Src/stm32f1xx_hal_gpio.c.obj
                0x08001448                HAL_GPIO_TogglePin
 *fill*         0x0800145a        0x2 
 .text.RCC_Delay
                0x0800145c       0x2c CMakeFiles/led_bill.elf.dir/Drivers/STM32F1xx_HAL_Driver/Src/stm32f1xx_hal_rcc.c.obj
 .text.HAL_RCC_OscConfig
                0x08001488      0x410 CMakeFiles/led_bill.elf.dir/Drivers/STM32F1xx_HAL_Driver/Src/stm32f1xx_hal_rcc.c.obj
                0x08001488                HAL_RCC_OscConfig
 .text.HAL_RCC_GetSysClockFreq
                0x08001898       0x54 CMakeFiles/led_bill.elf.dir/Drivers/STM32F1xx_HAL_Driver/Src/stm32f1xx_hal_rcc.c.obj
                0x08001898                HAL_RCC_GetSysClockFreq
 .text.HAL_RCC_ClockConfig
                0x080018ec      0x16c CMakeFiles/led_bill.elf.dir/Drivers/STM32F1xx_HAL_Driver/Src/stm32f1xx_hal_rcc.c.obj
                0x080018ec                HAL_RCC_ClockConfig
 .text.HAL_RCC_GetHCLKFreq
                0x08001a58        0xc CMakeFiles/led_bill.elf.dir/Drivers/STM32F1xx_HAL_Driver/Src/stm32f1xx_hal_rcc.c.obj
                0x08001a58                HAL_RCC_GetHCLKFreq
 .text.HAL_RCC_GetPCLK1Freq
                0x08001a64       0x20 CMakeFiles/led_bill.elf.dir/Drivers/STM32F1xx_HAL_Driver/Src/stm32f1xx_hal_rcc.c.obj
                0x08001a64                HAL_RCC_GetPCLK1Freq
 .text.HAL_RCC_GetPCLK2Freq
                0x08001a84       0x20 CMakeFiles/led_bill.elf.dir/Drivers/STM32F1xx_HAL_Driver/Src/stm32f1xx_hal_rcc.c.obj
                0x08001a84                HAL_RCC_GetPCLK2Freq
 .text.UART_EndRxTransfer
                0x08001aa4       0x5c CMakeFiles/led_bill.elf.dir/Drivers/STM32F1xx_HAL_Driver/Src/stm32f1xx_hal_uart.c.obj
 .text.UART_Transmit_IT
                0x08001b00       0x60 CMakeFiles/led_bill.elf.dir/Drivers/STM32F1xx_HAL_Driver/Src/stm32f1xx_hal_uart.c.obj
 .text.UART_SetConfig
                0x08001b60       0x94 CMakeFiles/led_bill.elf.dir/Drivers/STM32F1xx_HAL_Driver/Src/stm32f1xx_hal_uart.c.obj
 .text.HAL_UART_Init
                0x08001bf4       0x60 CMakeFiles/led_bill.elf.dir/Drivers/STM32F1xx_HAL_Driver/Src/stm32f1xx_hal_uart.c.obj
                0x08001bf4                HAL_UART_Init
 .text.HAL_UART_TxCpltCallback
                0x08001c54        0x2 CMakeFiles/led_bill.elf.dir/Drivers/STM32F1xx_HAL_Driver/Src/stm32f1xx_hal_uart.c.obj
                0x08001c54                HAL_UART_TxCpltCallback
 .text.UART_EndTransmit_IT
                0x08001c56       0x1a CMakeFiles/led_bill.elf.dir/Drivers/STM32F1xx_HAL_Driver/Src/stm32f1xx_hal_uart.c.obj
 .text.HAL_UART_ErrorCallback
                0x08001c70        0x2 CMakeFiles/led_bill.elf.dir/Drivers/STM32F1xx_HAL_Driver/Src/stm32f1xx_hal_uart.c.obj
                0x08001c70                HAL_UART_ErrorCallback
 .text.UART_DMAAbortOnError
                0x08001c72       0x10 CMakeFiles/led_bill.elf.dir/Drivers/STM32F1xx_HAL_Driver/Src/stm32f1xx_hal_uart.c.obj
 .text.HAL_UARTEx_RxEventCallback
                0x08001c82        0x2 CMakeFiles/led_bill.elf.dir/Drivers/STM32F1xx_HAL_Driver/Src/stm32f1xx_hal_uart.c.obj
                0x08001c82                HAL_UARTEx_RxEventCallback
 .text.UART_Receive_IT
                0x08001c84       0xe6 CMakeFiles/led_bill.elf.dir/Drivers/STM32F1xx_HAL_Driver/Src/stm32f1xx_hal_uart.c.obj
 *fill*         0x08001d6a        0x2 
 .text.HAL_UART_IRQHandler
                0x08001d6c      0x284 CMakeFiles/led_bill.elf.dir/Drivers/STM32F1xx_HAL_Driver/Src/stm32f1xx_hal_uart.c.obj
                0x08001d6c                HAL_UART_IRQHandler
 .text.UART_Start_Receive_IT
                0x08001ff0       0x36 CMakeFiles/led_bill.elf.dir/Drivers/STM32F1xx_HAL_Driver/Src/stm32f1xx_hal_uart.c.obj
                0x08001ff0                UART_Start_Receive_IT
 .text.HAL_UART_Receive_IT
                0x08002026       0x26 CMakeFiles/led_bill.elf.dir/Drivers/STM32F1xx_HAL_Driver/Src/stm32f1xx_hal_uart.c.obj
                0x08002026                HAL_UART_Receive_IT
 .text.stdio_exit_handler
                0x0800204c       0x18 C:/stm32_enviroment/arm-gnu-toolchain-13.3.rel1-mingw-w64-i686-arm-none-eabi/bin/../lib/gcc/arm-none-eabi/13.3.1/thumb/v7-m/nofp\libg.a(libc_a-findfp.o)
 .text.cleanup_stdio
                0x08002064       0x40 C:/stm32_enviroment/arm-gnu-toolchain-13.3.rel1-mingw-w64-i686-arm-none-eabi/bin/../lib/gcc/arm-none-eabi/13.3.1/thumb/v7-m/nofp\libg.a(libc_a-findfp.o)
 .text.global_stdio_init.part.0
                0x080020a4       0xf0 C:/stm32_enviroment/arm-gnu-toolchain-13.3.rel1-mingw-w64-i686-arm-none-eabi/bin/../lib/gcc/arm-none-eabi/13.3.1/thumb/v7-m/nofp\libg.a(libc_a-findfp.o)
 .text.__sinit  0x08002194       0x3c C:/stm32_enviroment/arm-gnu-toolchain-13.3.rel1-mingw-w64-i686-arm-none-eabi/bin/../lib/gcc/arm-none-eabi/13.3.1/thumb/v7-m/nofp\libg.a(libc_a-findfp.o)
                0x08002194                __sinit
 .text.__sfp_lock_acquire
                0x080021d0        0xc C:/stm32_enviroment/arm-gnu-toolchain-13.3.rel1-mingw-w64-i686-arm-none-eabi/bin/../lib/gcc/arm-none-eabi/13.3.1/thumb/v7-m/nofp\libg.a(libc_a-findfp.o)
                0x080021d0                __sfp_lock_acquire
 .text.__sfp_lock_release
                0x080021dc        0xc C:/stm32_enviroment/arm-gnu-toolchain-13.3.rel1-mingw-w64-i686-arm-none-eabi/bin/../lib/gcc/arm-none-eabi/13.3.1/thumb/v7-m/nofp\libg.a(libc_a-findfp.o)
                0x080021dc                __sfp_lock_release
 .text._fwalk_sglue
                0x080021e8       0x44 C:/stm32_enviroment/arm-gnu-toolchain-13.3.rel1-mingw-w64-i686-arm-none-eabi/bin/../lib/gcc/arm-none-eabi/13.3.1/thumb/v7-m/nofp\libg.a(libc_a-fwalk.o)
                0x080021e8                _fwalk_sglue
 .text.__sread  0x0800222c       0x24 C:/stm32_enviroment/arm-gnu-toolchain-13.3.rel1-mingw-w64-i686-arm-none-eabi/bin/../lib/gcc/arm-none-eabi/13.3.1/thumb/v7-m/nofp\libg.a(libc_a-stdio.o)
                0x0800222c                __sread
 .text.__swrite
                0x08002250       0x40 C:/stm32_enviroment/arm-gnu-toolchain-13.3.rel1-mingw-w64-i686-arm-none-eabi/bin/../lib/gcc/arm-none-eabi/13.3.1/thumb/v7-m/nofp\libg.a(libc_a-stdio.o)
                0x08002250                __swrite
 .text.__sseek  0x08002290       0x24 C:/stm32_enviroment/arm-gnu-toolchain-13.3.rel1-mingw-w64-i686-arm-none-eabi/bin/../lib/gcc/arm-none-eabi/13.3.1/thumb/v7-m/nofp\libg.a(libc_a-stdio.o)
                0x08002290                __sseek
 .text.__sclose
                0x080022b4        0x8 C:/stm32_enviroment/arm-gnu-toolchain-13.3.rel1-mingw-w64-i686-arm-none-eabi/bin/../lib/gcc/arm-none-eabi/13.3.1/thumb/v7-m/nofp\libg.a(libc_a-stdio.o)
                0x080022b4                __sclose
 .text.vsprintf
                0x080022bc       0x3c C:/stm32_enviroment/arm-gnu-toolchain-13.3.rel1-mingw-w64-i686-arm-none-eabi/bin/../lib/gcc/arm-none-eabi/13.3.1/thumb/v7-m/nofp\libg.a(libc_a-vsprintf.o)
                0x080022bc                vsprintf
 .text.memset   0x080022f8       0xa0 C:/stm32_enviroment/arm-gnu-toolchain-13.3.rel1-mingw-w64-i686-arm-none-eabi/bin/../lib/gcc/arm-none-eabi/13.3.1/thumb/v7-m/nofp\libg.a(libc_a-memset.o)
                0x080022f8                memset
 .text._close_r
                0x08002398       0x24 C:/stm32_enviroment/arm-gnu-toolchain-13.3.rel1-mingw-w64-i686-arm-none-eabi/bin/../lib/gcc/arm-none-eabi/13.3.1/thumb/v7-m/nofp\libg.a(libc_a-closer.o)
                0x08002398                _close_r
 .text._lseek_r
                0x080023bc       0x2c C:/stm32_enviroment/arm-gnu-toolchain-13.3.rel1-mingw-w64-i686-arm-none-eabi/bin/../lib/gcc/arm-none-eabi/13.3.1/thumb/v7-m/nofp\libg.a(libc_a-lseekr.o)
                0x080023bc                _lseek_r
 .text._read_r  0x080023e8       0x2c C:/stm32_enviroment/arm-gnu-toolchain-13.3.rel1-mingw-w64-i686-arm-none-eabi/bin/../lib/gcc/arm-none-eabi/13.3.1/thumb/v7-m/nofp\libg.a(libc_a-readr.o)
                0x080023e8                _read_r
 .text._write_r
                0x08002414       0x2c C:/stm32_enviroment/arm-gnu-toolchain-13.3.rel1-mingw-w64-i686-arm-none-eabi/bin/../lib/gcc/arm-none-eabi/13.3.1/thumb/v7-m/nofp\libg.a(libc_a-writer.o)
                0x08002414                _write_r
 .text.__errno  0x08002440        0xc C:/stm32_enviroment/arm-gnu-toolchain-13.3.rel1-mingw-w64-i686-arm-none-eabi/bin/../lib/gcc/arm-none-eabi/13.3.1/thumb/v7-m/nofp\libg.a(libc_a-errno.o)
                0x08002440                __errno
 .text.__libc_init_array
                0x0800244c       0x50 C:/stm32_enviroment/arm-gnu-toolchain-13.3.rel1-mingw-w64-i686-arm-none-eabi/bin/../lib/gcc/arm-none-eabi/13.3.1/thumb/v7-m/nofp\libg.a(libc_a-init.o)
                0x0800244c                __libc_init_array
 .text.__retarget_lock_init_recursive
                0x0800249c        0x4 C:/stm32_enviroment/arm-gnu-toolchain-13.3.rel1-mingw-w64-i686-arm-none-eabi/bin/../lib/gcc/arm-none-eabi/13.3.1/thumb/v7-m/nofp\libg.a(libc_a-lock.o)
                0x0800249c                __retarget_lock_init_recursive
 .text.__retarget_lock_close_recursive
                0x080024a0        0x4 C:/stm32_enviroment/arm-gnu-toolchain-13.3.rel1-mingw-w64-i686-arm-none-eabi/bin/../lib/gcc/arm-none-eabi/13.3.1/thumb/v7-m/nofp\libg.a(libc_a-lock.o)
                0x080024a0                __retarget_lock_close_recursive
 .text.__retarget_lock_acquire_recursive
                0x080024a4        0x4 C:/stm32_enviroment/arm-gnu-toolchain-13.3.rel1-mingw-w64-i686-arm-none-eabi/bin/../lib/gcc/arm-none-eabi/13.3.1/thumb/v7-m/nofp\libg.a(libc_a-lock.o)
                0x080024a4                __retarget_lock_acquire_recursive
 .text.__retarget_lock_release_recursive
                0x080024a8        0x4 C:/stm32_enviroment/arm-gnu-toolchain-13.3.rel1-mingw-w64-i686-arm-none-eabi/bin/../lib/gcc/arm-none-eabi/13.3.1/thumb/v7-m/nofp\libg.a(libc_a-lock.o)
                0x080024a8                __retarget_lock_release_recursive
 .text.startup.register_fini
                0x080024ac       0x14 C:/stm32_enviroment/arm-gnu-toolchain-13.3.rel1-mingw-w64-i686-arm-none-eabi/bin/../lib/gcc/arm-none-eabi/13.3.1/thumb/v7-m/nofp\libg.a(libc_a-__call_atexit.o)
 .text.atexit   0x080024c0        0xc C:/stm32_enviroment/arm-gnu-toolchain-13.3.rel1-mingw-w64-i686-arm-none-eabi/bin/../lib/gcc/arm-none-eabi/13.3.1/thumb/v7-m/nofp\libg.a(libc_a-atexit.o)
                0x080024c0                atexit
 .text._malloc_trim_r
                0x080024cc       0xb8 C:/stm32_enviroment/arm-gnu-toolchain-13.3.rel1-mingw-w64-i686-arm-none-eabi/bin/../lib/gcc/arm-none-eabi/13.3.1/thumb/v7-m/nofp\libg.a(libc_a-freer.o)
                0x080024cc                _malloc_trim_r
 .text._free_r  0x08002584      0x1f8 C:/stm32_enviroment/arm-gnu-toolchain-13.3.rel1-mingw-w64-i686-arm-none-eabi/bin/../lib/gcc/arm-none-eabi/13.3.1/thumb/v7-m/nofp\libg.a(libc_a-freer.o)
                0x08002584                _free_r
 .text._malloc_r
                0x0800277c      0x568 C:/stm32_enviroment/arm-gnu-toolchain-13.3.rel1-mingw-w64-i686-arm-none-eabi/bin/../lib/gcc/arm-none-eabi/13.3.1/thumb/v7-m/nofp\libg.a(libc_a-mallocr.o)
                0x0800277c                _malloc_r
 .text.__malloc_lock
                0x08002ce4        0xc C:/stm32_enviroment/arm-gnu-toolchain-13.3.rel1-mingw-w64-i686-arm-none-eabi/bin/../lib/gcc/arm-none-eabi/13.3.1/thumb/v7-m/nofp\libg.a(libc_a-mlock.o)
                0x08002ce4                __malloc_lock
 .text.__malloc_unlock
                0x08002cf0        0xc C:/stm32_enviroment/arm-gnu-toolchain-13.3.rel1-mingw-w64-i686-arm-none-eabi/bin/../lib/gcc/arm-none-eabi/13.3.1/thumb/v7-m/nofp\libg.a(libc_a-mlock.o)
                0x08002cf0                __malloc_unlock
 .text._svfprintf_r
                0x08002cfc     0x1b2c C:/stm32_enviroment/arm-gnu-toolchain-13.3.rel1-mingw-w64-i686-arm-none-eabi/bin/../lib/gcc/arm-none-eabi/13.3.1/thumb/v7-m/nofp\libg.a(libc_a-svfprintf.o)
                0x08002cfc                _svfprintf_r
 .text.__ssprint_r
                0x08004828       0x58 C:/stm32_enviroment/arm-gnu-toolchain-13.3.rel1-mingw-w64-i686-arm-none-eabi/bin/../lib/gcc/arm-none-eabi/13.3.1/thumb/v7-m/nofp\libg.a(libc_a-ssprint_r.o)
                0x08004828                __ssprint_r
 .text._fclose_r
                0x08004880       0xc0 C:/stm32_enviroment/arm-gnu-toolchain-13.3.rel1-mingw-w64-i686-arm-none-eabi/bin/../lib/gcc/arm-none-eabi/13.3.1/thumb/v7-m/nofp\libg.a(libc_a-fclose.o)
                0x08004880                _fclose_r
 .text.__sflush_r
                0x08004940      0x128 C:/stm32_enviroment/arm-gnu-toolchain-13.3.rel1-mingw-w64-i686-arm-none-eabi/bin/../lib/gcc/arm-none-eabi/13.3.1/thumb/v7-m/nofp\libg.a(libc_a-fflush.o)
                0x08004940                __sflush_r
 .text._fflush_r
                0x08004a68       0x54 C:/stm32_enviroment/arm-gnu-toolchain-13.3.rel1-mingw-w64-i686-arm-none-eabi/bin/../lib/gcc/arm-none-eabi/13.3.1/thumb/v7-m/nofp\libg.a(libc_a-fflush.o)
                0x08004a68                _fflush_r
 .text.strncpy  0x08004abc       0x6c C:/stm32_enviroment/arm-gnu-toolchain-13.3.rel1-mingw-w64-i686-arm-none-eabi/bin/../lib/gcc/arm-none-eabi/13.3.1/thumb/v7-m/nofp\libg.a(libc_a-strncpy.o)
                0x08004abc                strncpy
 .text.__locale_mb_cur_max
                0x08004b28        0xc C:/stm32_enviroment/arm-gnu-toolchain-13.3.rel1-mingw-w64-i686-arm-none-eabi/bin/../lib/gcc/arm-none-eabi/13.3.1/thumb/v7-m/nofp\libg.a(libc_a-locale.o)
                0x08004b28                __locale_mb_cur_max
 .text._localeconv_r
                0x08004b34        0x8 C:/stm32_enviroment/arm-gnu-toolchain-13.3.rel1-mingw-w64-i686-arm-none-eabi/bin/../lib/gcc/arm-none-eabi/13.3.1/thumb/v7-m/nofp\libg.a(libc_a-localeconv.o)
                0x08004b34                _localeconv_r
 .text._sbrk_r  0x08004b3c       0x24 C:/stm32_enviroment/arm-gnu-toolchain-13.3.rel1-mingw-w64-i686-arm-none-eabi/bin/../lib/gcc/arm-none-eabi/13.3.1/thumb/v7-m/nofp\libg.a(libc_a-sbrkr.o)
                0x08004b3c                _sbrk_r
 .text.__libc_fini_array
                0x08004b60       0x28 C:/stm32_enviroment/arm-gnu-toolchain-13.3.rel1-mingw-w64-i686-arm-none-eabi/bin/../lib/gcc/arm-none-eabi/13.3.1/thumb/v7-m/nofp\libg.a(libc_a-fini.o)
                0x08004b60                __libc_fini_array
 .text.sysconf  0x08004b88       0x1c C:/stm32_enviroment/arm-gnu-toolchain-13.3.rel1-mingw-w64-i686-arm-none-eabi/bin/../lib/gcc/arm-none-eabi/13.3.1/thumb/v7-m/nofp\libg.a(libc_a-sysconf.o)
                0x08004b88                sysconf
 .text.memchr   0x08004ba4       0x98 C:/stm32_enviroment/arm-gnu-toolchain-13.3.rel1-mingw-w64-i686-arm-none-eabi/bin/../lib/gcc/arm-none-eabi/13.3.1/thumb/v7-m/nofp\libg.a(libc_a-memchr-stub.o)
                0x08004ba4                memchr
 .text.strlen   0x08004c3c       0x5c C:/stm32_enviroment/arm-gnu-toolchain-13.3.rel1-mingw-w64-i686-arm-none-eabi/bin/../lib/gcc/arm-none-eabi/13.3.1/thumb/v7-m/nofp\libg.a(libc_a-strlen-stub.o)
                0x08004c3c                strlen
 .text.frexp    0x08004c98       0x6c C:/stm32_enviroment/arm-gnu-toolchain-13.3.rel1-mingw-w64-i686-arm-none-eabi/bin/../lib/gcc/arm-none-eabi/13.3.1/thumb/v7-m/nofp\libg.a(libm_a-s_frexp.o)
                0x08004c98                frexp
 .text.__register_exitproc
                0x08004d04       0x80 C:/stm32_enviroment/arm-gnu-toolchain-13.3.rel1-mingw-w64-i686-arm-none-eabi/bin/../lib/gcc/arm-none-eabi/13.3.1/thumb/v7-m/nofp\libg.a(libc_a-__atexit.o)
                0x08004d04                __register_exitproc
 .text.quorem   0x08004d84      0x13c C:/stm32_enviroment/arm-gnu-toolchain-13.3.rel1-mingw-w64-i686-arm-none-eabi/bin/../lib/gcc/arm-none-eabi/13.3.1/thumb/v7-m/nofp\libg.a(libc_a-dtoa.o)
 .text._dtoa_r  0x08004ec0      0xe94 C:/stm32_enviroment/arm-gnu-toolchain-13.3.rel1-mingw-w64-i686-arm-none-eabi/bin/../lib/gcc/arm-none-eabi/13.3.1/thumb/v7-m/nofp\libg.a(libc_a-dtoa.o)
                0x08004ec0                _dtoa_r
 .text.__ascii_mbtowc
                0x08005d54       0x2c C:/stm32_enviroment/arm-gnu-toolchain-13.3.rel1-mingw-w64-i686-arm-none-eabi/bin/../lib/gcc/arm-none-eabi/13.3.1/thumb/v7-m/nofp\libg.a(libc_a-mbtowc_r.o)
                0x08005d54                __ascii_mbtowc
 .text._Balloc  0x08005d80       0x4c C:/stm32_enviroment/arm-gnu-toolchain-13.3.rel1-mingw-w64-i686-arm-none-eabi/bin/../lib/gcc/arm-none-eabi/13.3.1/thumb/v7-m/nofp\libg.a(libc_a-mprec.o)
                0x08005d80                _Balloc
 .text._Bfree   0x08005dcc       0x14 C:/stm32_enviroment/arm-gnu-toolchain-13.3.rel1-mingw-w64-i686-arm-none-eabi/bin/../lib/gcc/arm-none-eabi/13.3.1/thumb/v7-m/nofp\libg.a(libc_a-mprec.o)
                0x08005dcc                _Bfree
 .text.__multadd
                0x08005de0       0xa4 C:/stm32_enviroment/arm-gnu-toolchain-13.3.rel1-mingw-w64-i686-arm-none-eabi/bin/../lib/gcc/arm-none-eabi/13.3.1/thumb/v7-m/nofp\libg.a(libc_a-mprec.o)
                0x08005de0                __multadd
 .text.__hi0bits
                0x08005e84       0x44 C:/stm32_enviroment/arm-gnu-toolchain-13.3.rel1-mingw-w64-i686-arm-none-eabi/bin/../lib/gcc/arm-none-eabi/13.3.1/thumb/v7-m/nofp\libg.a(libc_a-mprec.o)
                0x08005e84                __hi0bits
 .text.__lo0bits
                0x08005ec8       0x5c C:/stm32_enviroment/arm-gnu-toolchain-13.3.rel1-mingw-w64-i686-arm-none-eabi/bin/../lib/gcc/arm-none-eabi/13.3.1/thumb/v7-m/nofp\libg.a(libc_a-mprec.o)
                0x08005ec8                __lo0bits
 .text.__i2b    0x08005f24       0x5c C:/stm32_enviroment/arm-gnu-toolchain-13.3.rel1-mingw-w64-i686-arm-none-eabi/bin/../lib/gcc/arm-none-eabi/13.3.1/thumb/v7-m/nofp\libg.a(libc_a-mprec.o)
                0x08005f24                __i2b
 .text.__multiply
                0x08005f80      0x164 C:/stm32_enviroment/arm-gnu-toolchain-13.3.rel1-mingw-w64-i686-arm-none-eabi/bin/../lib/gcc/arm-none-eabi/13.3.1/thumb/v7-m/nofp\libg.a(libc_a-mprec.o)
                0x08005f80                __multiply
 .text.__pow5mult
                0x080060e4       0xb4 C:/stm32_enviroment/arm-gnu-toolchain-13.3.rel1-mingw-w64-i686-arm-none-eabi/bin/../lib/gcc/arm-none-eabi/13.3.1/thumb/v7-m/nofp\libg.a(libc_a-mprec.o)
                0x080060e4                __pow5mult
 .text.__lshift
                0x08006198       0xec C:/stm32_enviroment/arm-gnu-toolchain-13.3.rel1-mingw-w64-i686-arm-none-eabi/bin/../lib/gcc/arm-none-eabi/13.3.1/thumb/v7-m/nofp\libg.a(libc_a-mprec.o)
                0x08006198                __lshift
 .text.__mcmp   0x08006284       0x40 C:/stm32_enviroment/arm-gnu-toolchain-13.3.rel1-mingw-w64-i686-arm-none-eabi/bin/../lib/gcc/arm-none-eabi/13.3.1/thumb/v7-m/nofp\libg.a(libc_a-mprec.o)
                0x08006284                __mcmp
 .text.__mdiff  0x080062c4      0x178 C:/stm32_enviroment/arm-gnu-toolchain-13.3.rel1-mingw-w64-i686-arm-none-eabi/bin/../lib/gcc/arm-none-eabi/13.3.1/thumb/v7-m/nofp\libg.a(libc_a-mprec.o)
                0x080062c4                __mdiff
 .text.__d2b    0x0800643c       0xbc C:/stm32_enviroment/arm-gnu-toolchain-13.3.rel1-mingw-w64-i686-arm-none-eabi/bin/../lib/gcc/arm-none-eabi/13.3.1/thumb/v7-m/nofp\libg.a(libc_a-mprec.o)
                0x0800643c                __d2b
 .text.__ascii_wctomb
                0x080064f8       0x1c C:/stm32_enviroment/arm-gnu-toolchain-13.3.rel1-mingw-w64-i686-arm-none-eabi/bin/../lib/gcc/arm-none-eabi/13.3.1/thumb/v7-m/nofp\libg.a(libc_a-wctomb_r.o)
                0x080064f8                __ascii_wctomb
 .text._wcrtomb_r
                0x08006514       0x4c C:/stm32_enviroment/arm-gnu-toolchain-13.3.rel1-mingw-w64-i686-arm-none-eabi/bin/../lib/gcc/arm-none-eabi/13.3.1/thumb/v7-m/nofp\libg.a(libc_a-wcrtomb.o)
                0x08006514                _wcrtomb_r
 .text._wcsrtombs_r
                0x08006560       0x18 C:/stm32_enviroment/arm-gnu-toolchain-13.3.rel1-mingw-w64-i686-arm-none-eabi/bin/../lib/gcc/arm-none-eabi/13.3.1/thumb/v7-m/nofp\libg.a(libc_a-wcsrtombs.o)
                0x08006560                _wcsrtombs_r
 .text.__ssputs_r
                0x08006578       0xc0 C:/stm32_enviroment/arm-gnu-toolchain-13.3.rel1-mingw-w64-i686-arm-none-eabi/bin/../lib/gcc/arm-none-eabi/13.3.1/thumb/v7-m/nofp\libg.a(libc_a-ssputs_r.o)
                0x08006578                __ssputs_r
 .text.memmove  0x08006638       0xfc C:/stm32_enviroment/arm-gnu-toolchain-13.3.rel1-mingw-w64-i686-arm-none-eabi/bin/../lib/gcc/arm-none-eabi/13.3.1/thumb/v7-m/nofp\libg.a(libc_a-memmove.o)
                0x08006638                memmove
 .text.__assert_func
                0x08006734       0x40 C:/stm32_enviroment/arm-gnu-toolchain-13.3.rel1-mingw-w64-i686-arm-none-eabi/bin/../lib/gcc/arm-none-eabi/13.3.1/thumb/v7-m/nofp\libg.a(libc_a-assert.o)
                0x08006734                __assert_func
 .text._calloc_r
                0x08006774       0x6c C:/stm32_enviroment/arm-gnu-toolchain-13.3.rel1-mingw-w64-i686-arm-none-eabi/bin/../lib/gcc/arm-none-eabi/13.3.1/thumb/v7-m/nofp\libg.a(libc_a-callocr.o)
                0x08006774                _calloc_r
 .text._realloc_r
                0x080067e0      0x34c C:/stm32_enviroment/arm-gnu-toolchain-13.3.rel1-mingw-w64-i686-arm-none-eabi/bin/../lib/gcc/arm-none-eabi/13.3.1/thumb/v7-m/nofp\libg.a(libc_a-reallocr.o)
                0x080067e0                _realloc_r
 .text._wcsnrtombs_l
                0x08006b2c       0xec C:/stm32_enviroment/arm-gnu-toolchain-13.3.rel1-mingw-w64-i686-arm-none-eabi/bin/../lib/gcc/arm-none-eabi/13.3.1/thumb/v7-m/nofp\libg.a(libc_a-wcsnrtombs.o)
                0x08006b2c                _wcsnrtombs_l
 .text._wcsnrtombs_r
                0x08006c18       0x24 C:/stm32_enviroment/arm-gnu-toolchain-13.3.rel1-mingw-w64-i686-arm-none-eabi/bin/../lib/gcc/arm-none-eabi/13.3.1/thumb/v7-m/nofp\libg.a(libc_a-wcsnrtombs.o)
                0x08006c18                _wcsnrtombs_r
 .text.fiprintf
                0x08006c3c       0x28 C:/stm32_enviroment/arm-gnu-toolchain-13.3.rel1-mingw-w64-i686-arm-none-eabi/bin/../lib/gcc/arm-none-eabi/13.3.1/thumb/v7-m/nofp\libg.a(libc_a-fiprintf.o)
                0x08006c3c                fiprintf
 .text._vfiprintf_r
                0x08006c64      0xeb8 C:/stm32_enviroment/arm-gnu-toolchain-13.3.rel1-mingw-w64-i686-arm-none-eabi/bin/../lib/gcc/arm-none-eabi/13.3.1/thumb/v7-m/nofp\libg.a(libc_a-vfiprintf.o)
                0x08006c64                _vfiprintf_r
 .text.__sbprintf
                0x08007b1c       0x80 C:/stm32_enviroment/arm-gnu-toolchain-13.3.rel1-mingw-w64-i686-arm-none-eabi/bin/../lib/gcc/arm-none-eabi/13.3.1/thumb/v7-m/nofp\libg.a(libc_a-vfiprintf.o)
 .text.__sprint_r
                0x08007b9c       0x20 C:/stm32_enviroment/arm-gnu-toolchain-13.3.rel1-mingw-w64-i686-arm-none-eabi/bin/../lib/gcc/arm-none-eabi/13.3.1/thumb/v7-m/nofp\libg.a(libc_a-sprint_r.o)
                0x08007b9c                __sprint_r
 .text.__sfvwrite_r
                0x08007bbc      0x2ec C:/stm32_enviroment/arm-gnu-toolchain-13.3.rel1-mingw-w64-i686-arm-none-eabi/bin/../lib/gcc/arm-none-eabi/13.3.1/thumb/v7-m/nofp\libg.a(libc_a-fvwrite.o)
                0x08007bbc                __sfvwrite_r
 .text.__swsetup_r
                0x08007ea8       0xc4 C:/stm32_enviroment/arm-gnu-toolchain-13.3.rel1-mingw-w64-i686-arm-none-eabi/bin/../lib/gcc/arm-none-eabi/13.3.1/thumb/v7-m/nofp\libg.a(libc_a-wsetup.o)
                0x08007ea8                __swsetup_r
 .text.abort    0x08007f6c       0x10 C:/stm32_enviroment/arm-gnu-toolchain-13.3.rel1-mingw-w64-i686-arm-none-eabi/bin/../lib/gcc/arm-none-eabi/13.3.1/thumb/v7-m/nofp\libg.a(libc_a-abort.o)
                0x08007f6c                abort
 .text.__smakebuf_r
                0x08007f7c       0xdc C:/stm32_enviroment/arm-gnu-toolchain-13.3.rel1-mingw-w64-i686-arm-none-eabi/bin/../lib/gcc/arm-none-eabi/13.3.1/thumb/v7-m/nofp\libg.a(libc_a-makebuf.o)
                0x08007f7c                __smakebuf_r
 .text.raise    0x08008058       0x58 C:/stm32_enviroment/arm-gnu-toolchain-13.3.rel1-mingw-w64-i686-arm-none-eabi/bin/../lib/gcc/arm-none-eabi/13.3.1/thumb/v7-m/nofp\libg.a(libc_a-signal.o)
                0x08008058                raise
 .text._fstat_r
                0x080080b0       0x28 C:/stm32_enviroment/arm-gnu-toolchain-13.3.rel1-mingw-w64-i686-arm-none-eabi/bin/../lib/gcc/arm-none-eabi/13.3.1/thumb/v7-m/nofp\libg.a(libc_a-fstatr.o)
                0x080080b0                _fstat_r
 .text._isatty_r
                0x080080d8       0x24 C:/stm32_enviroment/arm-gnu-toolchain-13.3.rel1-mingw-w64-i686-arm-none-eabi/bin/../lib/gcc/arm-none-eabi/13.3.1/thumb/v7-m/nofp\libg.a(libc_a-isattyr.o)
                0x080080d8                _isatty_r
 .text._kill_r  0x080080fc       0x28 C:/stm32_enviroment/arm-gnu-toolchain-13.3.rel1-mingw-w64-i686-arm-none-eabi/bin/../lib/gcc/arm-none-eabi/13.3.1/thumb/v7-m/nofp\libg.a(libc_a-signalr.o)
                0x080080fc                _kill_r
 .text._getpid_r
                0x08008124        0x4 C:/stm32_enviroment/arm-gnu-toolchain-13.3.rel1-mingw-w64-i686-arm-none-eabi/bin/../lib/gcc/arm-none-eabi/13.3.1/thumb/v7-m/nofp\libg.a(libc_a-signalr.o)
                0x08008124                _getpid_r
 *(.glue_7)
 .glue_7        0x08008128        0x0 linker stubs
 *(.glue_7t)
 .glue_7t       0x08008128        0x0 linker stubs
 *(.eh_frame)
 .eh_frame      0x08008128        0x0 C:/stm32_enviroment/arm-gnu-toolchain-13.3.rel1-mingw-w64-i686-arm-none-eabi/bin/../lib/gcc/arm-none-eabi/13.3.1/thumb/v7-m/nofp/crtbegin.o
 *(.init)
 .init          0x08008128        0x4 C:/stm32_enviroment/arm-gnu-toolchain-13.3.rel1-mingw-w64-i686-arm-none-eabi/bin/../lib/gcc/arm-none-eabi/13.3.1/thumb/v7-m/nofp/crti.o
                0x08008128                _init
 .init          0x0800812c        0x8 C:/stm32_enviroment/arm-gnu-toolchain-13.3.rel1-mingw-w64-i686-arm-none-eabi/bin/../lib/gcc/arm-none-eabi/13.3.1/thumb/v7-m/nofp/crtn.o
 *(.fini)
 .fini          0x08008134        0x4 C:/stm32_enviroment/arm-gnu-toolchain-13.3.rel1-mingw-w64-i686-arm-none-eabi/bin/../lib/gcc/arm-none-eabi/13.3.1/thumb/v7-m/nofp/crti.o
                0x08008134                _fini
 .fini          0x08008138        0x8 C:/stm32_enviroment/arm-gnu-toolchain-13.3.rel1-mingw-w64-i686-arm-none-eabi/bin/../lib/gcc/arm-none-eabi/13.3.1/thumb/v7-m/nofp/crtn.o
                0x08008140                        . = ALIGN (0x4)
                0x08008140                        _etext = .

.vfp11_veneer   0x08008140        0x0
 .vfp11_veneer  0x08008140        0x0 linker stubs

.v4_bx          0x08008140        0x0
 .v4_bx         0x08008140        0x0 linker stubs

.iplt           0x08008140        0x0
 .iplt          0x08008140        0x0 C:/stm32_enviroment/arm-gnu-toolchain-13.3.rel1-mingw-w64-i686-arm-none-eabi/bin/../lib/gcc/arm-none-eabi/13.3.1/thumb/v7-m/nofp/crtbegin.o

.rodata         0x08008140      0x424
                0x08008140                        . = ALIGN (0x4)
 *(.rodata)
 *(.rodata*)
 .rodata.main.str1.4
                0x08008140      0x1b7 CMakeFiles/led_bill.elf.dir/Core/Src/main.c.obj
                                  0xe (size before relaxing)
 *fill*         0x080082f7        0x1 
 .rodata.APBPrescTable
                0x080082f8        0x8 CMakeFiles/led_bill.elf.dir/Core/Src/system_stm32f1xx.c.obj
                0x080082f8                APBPrescTable
 .rodata.AHBPrescTable
                0x08008300       0x10 CMakeFiles/led_bill.elf.dir/Core/Src/system_stm32f1xx.c.obj
                0x08008300                AHBPrescTable
 .rodata.aPredivFactorTable.0
                0x08008310        0x2 CMakeFiles/led_bill.elf.dir/Drivers/STM32F1xx_HAL_Driver/Src/stm32f1xx_hal_rcc.c.obj
 *fill*         0x08008312        0x2 
 .rodata.aPLLMULFactorTable.1
                0x08008314       0x10 CMakeFiles/led_bill.elf.dir/Drivers/STM32F1xx_HAL_Driver/Src/stm32f1xx_hal_rcc.c.obj
 .rodata._svfprintf_r.str1.4
                0x08008324       0x42 C:/stm32_enviroment/arm-gnu-toolchain-13.3.rel1-mingw-w64-i686-arm-none-eabi/bin/../lib/gcc/arm-none-eabi/13.3.1/thumb/v7-m/nofp\libg.a(libc_a-svfprintf.o)
 .rodata.zeroes.0
                0x08008324       0x10 C:/stm32_enviroment/arm-gnu-toolchain-13.3.rel1-mingw-w64-i686-arm-none-eabi/bin/../lib/gcc/arm-none-eabi/13.3.1/thumb/v7-m/nofp\libg.a(libc_a-svfprintf.o)
 .rodata.blanks.1
                0x08008334       0x10 C:/stm32_enviroment/arm-gnu-toolchain-13.3.rel1-mingw-w64-i686-arm-none-eabi/bin/../lib/gcc/arm-none-eabi/13.3.1/thumb/v7-m/nofp\libg.a(libc_a-svfprintf.o)
 .rodata.str1.4
                0x08008344       0x4c C:/stm32_enviroment/arm-gnu-toolchain-13.3.rel1-mingw-w64-i686-arm-none-eabi/bin/../lib/gcc/arm-none-eabi/13.3.1/thumb/v7-m/nofp\libg.a(libc_a-locale.o)
 .rodata._dtoa_r.str1.4
                0x08008344       0x81 C:/stm32_enviroment/arm-gnu-toolchain-13.3.rel1-mingw-w64-i686-arm-none-eabi/bin/../lib/gcc/arm-none-eabi/13.3.1/thumb/v7-m/nofp\libg.a(libc_a-dtoa.o)
 .rodata.__multadd.str1.4
                0x08008344       0x6e C:/stm32_enviroment/arm-gnu-toolchain-13.3.rel1-mingw-w64-i686-arm-none-eabi/bin/../lib/gcc/arm-none-eabi/13.3.1/thumb/v7-m/nofp\libg.a(libc_a-mprec.o)
 .rodata.p05.0  0x08008344        0xc C:/stm32_enviroment/arm-gnu-toolchain-13.3.rel1-mingw-w64-i686-arm-none-eabi/bin/../lib/gcc/arm-none-eabi/13.3.1/thumb/v7-m/nofp\libg.a(libc_a-mprec.o)
 .rodata.__mprec_bigtens
                0x08008350       0x28 C:/stm32_enviroment/arm-gnu-toolchain-13.3.rel1-mingw-w64-i686-arm-none-eabi/bin/../lib/gcc/arm-none-eabi/13.3.1/thumb/v7-m/nofp\libg.a(libc_a-mprec.o)
                0x08008350                __mprec_bigtens
 .rodata.__mprec_tens
                0x08008378       0xc8 C:/stm32_enviroment/arm-gnu-toolchain-13.3.rel1-mingw-w64-i686-arm-none-eabi/bin/../lib/gcc/arm-none-eabi/13.3.1/thumb/v7-m/nofp\libg.a(libc_a-mprec.o)
                0x08008378                __mprec_tens
 .rodata._ctype_
                0x08008440      0x101 C:/stm32_enviroment/arm-gnu-toolchain-13.3.rel1-mingw-w64-i686-arm-none-eabi/bin/../lib/gcc/arm-none-eabi/13.3.1/thumb/v7-m/nofp\libg.a(libc_a-ctype_.o)
                0x08008440                _ctype_
 .rodata.__assert_func.str1.4
                0x08008541       0x43 C:/stm32_enviroment/arm-gnu-toolchain-13.3.rel1-mingw-w64-i686-arm-none-eabi/bin/../lib/gcc/arm-none-eabi/13.3.1/thumb/v7-m/nofp\libg.a(libc_a-assert.o)
 .rodata._vfiprintf_r.str1.4
                0x08008541       0x2f C:/stm32_enviroment/arm-gnu-toolchain-13.3.rel1-mingw-w64-i686-arm-none-eabi/bin/../lib/gcc/arm-none-eabi/13.3.1/thumb/v7-m/nofp\libg.a(libc_a-vfiprintf.o)
 *fill*         0x08008541        0x3 
 .rodata.zeroes.0
                0x08008544       0x10 C:/stm32_enviroment/arm-gnu-toolchain-13.3.rel1-mingw-w64-i686-arm-none-eabi/bin/../lib/gcc/arm-none-eabi/13.3.1/thumb/v7-m/nofp\libg.a(libc_a-vfiprintf.o)
 .rodata.blanks.1
                0x08008554       0x10 C:/stm32_enviroment/arm-gnu-toolchain-13.3.rel1-mingw-w64-i686-arm-none-eabi/bin/../lib/gcc/arm-none-eabi/13.3.1/thumb/v7-m/nofp\libg.a(libc_a-vfiprintf.o)
                0x08008564                        . = ALIGN (0x4)

.ARM.extab      0x08008564        0x0
                0x08008564                        . = ALIGN (0x4)
 *(.ARM.extab* .gnu.linkonce.armextab.*)
                0x08008564                        . = ALIGN (0x4)

.ARM            0x08008564        0x8
                0x08008564                        . = ALIGN (0x4)
                0x08008564                        __exidx_start = .
 *(.ARM.exidx*)
 .ARM.exidx     0x08008564        0x8 C:/stm32_enviroment/arm-gnu-toolchain-13.3.rel1-mingw-w64-i686-arm-none-eabi/bin/../lib/gcc/arm-none-eabi/13.3.1/thumb/v7-m/nofp\libg.a(libc_a-memcpy.o)
                0x0800856c                        __exidx_end = .
                0x0800856c                        . = ALIGN (0x4)

.preinit_array  0x0800856c        0x0
                0x0800856c                        . = ALIGN (0x4)
                0x0800856c                        PROVIDE (__preinit_array_start = .)
 *(.preinit_array*)
                0x0800856c                        PROVIDE (__preinit_array_end = .)
                0x0800856c                        . = ALIGN (0x4)

.init_array     0x0800856c        0x8
                0x0800856c                        . = ALIGN (0x4)
                0x0800856c                        PROVIDE (__init_array_start = .)
 *(SORT_BY_NAME(.init_array.*))
 .init_array.00000
                0x0800856c        0x4 C:/stm32_enviroment/arm-gnu-toolchain-13.3.rel1-mingw-w64-i686-arm-none-eabi/bin/../lib/gcc/arm-none-eabi/13.3.1/thumb/v7-m/nofp\libg.a(libc_a-__call_atexit.o)
 *(.init_array*)
 .init_array    0x08008570        0x4 C:/stm32_enviroment/arm-gnu-toolchain-13.3.rel1-mingw-w64-i686-arm-none-eabi/bin/../lib/gcc/arm-none-eabi/13.3.1/thumb/v7-m/nofp/crtbegin.o
                0x08008574                        PROVIDE (__init_array_end = .)
                0x08008574                        . = ALIGN (0x4)

.fini_array     0x08008574        0x4
                0x08008574                        . = ALIGN (0x4)
                0x08008574                        PROVIDE (__fini_array_start = .)
 *(SORT_BY_NAME(.fini_array.*))
 *(.fini_array*)
 .fini_array    0x08008574        0x4 C:/stm32_enviroment/arm-gnu-toolchain-13.3.rel1-mingw-w64-i686-arm-none-eabi/bin/../lib/gcc/arm-none-eabi/13.3.1/thumb/v7-m/nofp/crtbegin.o
                0x08008578                        PROVIDE (__fini_array_end = .)
                0x08008578                        . = ALIGN (0x4)
                0x08008578                        _sidata = LOADADDR (.data)

.rel.dyn        0x08008578        0x0
 .rel.iplt      0x08008578        0x0 C:/stm32_enviroment/arm-gnu-toolchain-13.3.rel1-mingw-w64-i686-arm-none-eabi/bin/../lib/gcc/arm-none-eabi/13.3.1/thumb/v7-m/nofp/crtbegin.o

.data           0x20000000      0x6e4 load address 0x08008578
                0x20000000                        . = ALIGN (0x4)
                0x20000000                        _sdata = .
 *(.data)
 *(.data*)
 .data.SystemCoreClock
                0x20000000        0x4 CMakeFiles/led_bill.elf.dir/Core/Src/system_stm32f1xx.c.obj
                0x20000000                SystemCoreClock
 .data.uwTickFreq
                0x20000004        0x1 CMakeFiles/led_bill.elf.dir/Drivers/STM32F1xx_HAL_Driver/Src/stm32f1xx_hal.c.obj
                0x20000004                uwTickFreq
 *fill*         0x20000005        0x3 
 .data.uwTickPrio
                0x20000008        0x4 CMakeFiles/led_bill.elf.dir/Drivers/STM32F1xx_HAL_Driver/Src/stm32f1xx_hal.c.obj
                0x20000008                uwTickPrio
 .data.__sglue  0x2000000c        0xc C:/stm32_enviroment/arm-gnu-toolchain-13.3.rel1-mingw-w64-i686-arm-none-eabi/bin/../lib/gcc/arm-none-eabi/13.3.1/thumb/v7-m/nofp\libg.a(libc_a-findfp.o)
                0x2000000c                __sglue
 .data._impure_ptr
                0x20000018        0x4 C:/stm32_enviroment/arm-gnu-toolchain-13.3.rel1-mingw-w64-i686-arm-none-eabi/bin/../lib/gcc/arm-none-eabi/13.3.1/thumb/v7-m/nofp\libg.a(libc_a-impure.o)
                0x20000018                _impure_ptr
 *fill*         0x2000001c        0x4 
 .data._impure_data
                0x20000020      0x140 C:/stm32_enviroment/arm-gnu-toolchain-13.3.rel1-mingw-w64-i686-arm-none-eabi/bin/../lib/gcc/arm-none-eabi/13.3.1/thumb/v7-m/nofp\libg.a(libc_a-impure.o)
                0x20000020                _impure_data
 .data.__atexit_recursive_mutex
                0x20000160        0x4 C:/stm32_enviroment/arm-gnu-toolchain-13.3.rel1-mingw-w64-i686-arm-none-eabi/bin/../lib/gcc/arm-none-eabi/13.3.1/thumb/v7-m/nofp\libg.a(libc_a-__call_atexit.o)
                0x20000160                __atexit_recursive_mutex
 .data.__malloc_sbrk_base
                0x20000164        0x4 C:/stm32_enviroment/arm-gnu-toolchain-13.3.rel1-mingw-w64-i686-arm-none-eabi/bin/../lib/gcc/arm-none-eabi/13.3.1/thumb/v7-m/nofp\libg.a(libc_a-mallocr.o)
                0x20000164                __malloc_sbrk_base
 .data.__malloc_trim_threshold
                0x20000168        0x4 C:/stm32_enviroment/arm-gnu-toolchain-13.3.rel1-mingw-w64-i686-arm-none-eabi/bin/../lib/gcc/arm-none-eabi/13.3.1/thumb/v7-m/nofp\libg.a(libc_a-mallocr.o)
                0x20000168                __malloc_trim_threshold
 *fill*         0x2000016c        0x4 
 .data.__malloc_av_
                0x20000170      0x408 C:/stm32_enviroment/arm-gnu-toolchain-13.3.rel1-mingw-w64-i686-arm-none-eabi/bin/../lib/gcc/arm-none-eabi/13.3.1/thumb/v7-m/nofp\libg.a(libc_a-mallocr.o)
                0x20000170                __malloc_av_
 .data.__global_locale
                0x20000578      0x16c C:/stm32_enviroment/arm-gnu-toolchain-13.3.rel1-mingw-w64-i686-arm-none-eabi/bin/../lib/gcc/arm-none-eabi/13.3.1/thumb/v7-m/nofp\libg.a(libc_a-locale.o)
                0x20000578                __global_locale
 *(.RamFunc)
 *(.RamFunc*)
                0x200006e4                        . = ALIGN (0x4)
                0x200006e4                        _edata = .

.tm_clone_table
                0x200006e4        0x0 load address 0x08008c5c
 .tm_clone_table
                0x200006e4        0x0 C:/stm32_enviroment/arm-gnu-toolchain-13.3.rel1-mingw-w64-i686-arm-none-eabi/bin/../lib/gcc/arm-none-eabi/13.3.1/thumb/v7-m/nofp/crtbegin.o
 .tm_clone_table
                0x200006e4        0x0 C:/stm32_enviroment/arm-gnu-toolchain-13.3.rel1-mingw-w64-i686-arm-none-eabi/bin/../lib/gcc/arm-none-eabi/13.3.1/thumb/v7-m/nofp/crtend.o

.igot.plt       0x200006e4        0x0 load address 0x08008c5c
 .igot.plt      0x200006e4        0x0 C:/stm32_enviroment/arm-gnu-toolchain-13.3.rel1-mingw-w64-i686-arm-none-eabi/bin/../lib/gcc/arm-none-eabi/13.3.1/thumb/v7-m/nofp/crtbegin.o
                0x200006e4                        . = ALIGN (0x4)

.bss            0x200006e4      0x688 load address 0x08008c5c
                0x200006e4                        _sbss = .
                0x200006e4                        __bss_start__ = _sbss
 *(.bss)
 *(.bss*)
 .bss.completed.1
                0x200006e4        0x1 C:/stm32_enviroment/arm-gnu-toolchain-13.3.rel1-mingw-w64-i686-arm-none-eabi/bin/../lib/gcc/arm-none-eabi/13.3.1/thumb/v7-m/nofp/crtbegin.o
 *fill*         0x200006e5        0x3 
 .bss.object.0  0x200006e8       0x18 C:/stm32_enviroment/arm-gnu-toolchain-13.3.rel1-mingw-w64-i686-arm-none-eabi/bin/../lib/gcc/arm-none-eabi/13.3.1/thumb/v7-m/nofp/crtbegin.o
 .bss.g_USART_SendBuff
                0x20000700      0x100 CMakeFiles/led_bill.elf.dir/Bsp/Src/Bsp_usart.c.obj
                0x20000700                g_USART_SendBuff
 .bss.usart_cmd_rx_buffer
                0x20000800       0xff CMakeFiles/led_bill.elf.dir/Bsp/Src/Bsp_usart.c.obj
                0x20000800                usart_cmd_rx_buffer
 *fill*         0x200008ff        0x1 
 .bss.CMD_Flag  0x20000900        0x4 CMakeFiles/led_bill.elf.dir/Bsp/Src/Bsp_usart.c.obj
                0x20000900                CMD_Flag
 .bss.CMD_Buffer_Count
                0x20000904        0x4 CMakeFiles/led_bill.elf.dir/Bsp/Src/Bsp_usart.c.obj
                0x20000904                CMD_Buffer_Count
 .bss.CMD_Buffer
                0x20000908       0xff CMakeFiles/led_bill.elf.dir/Bsp/Src/Bsp_usart.c.obj
                0x20000908                CMD_Buffer
 *fill*         0x20000a07        0x1 
 .bss.__sbrk_heap_end
                0x20000a08        0x4 CMakeFiles/led_bill.elf.dir/Core/Src/sysmem.c.obj
 .bss.huart1    0x20000a0c       0x48 CMakeFiles/led_bill.elf.dir/Core/Src/usart.c.obj
                0x20000a0c                huart1
 .bss.uwTick    0x20000a54        0x4 CMakeFiles/led_bill.elf.dir/Drivers/STM32F1xx_HAL_Driver/Src/stm32f1xx_hal.c.obj
                0x20000a54                uwTick
 .bss.__sf      0x20000a58      0x138 C:/stm32_enviroment/arm-gnu-toolchain-13.3.rel1-mingw-w64-i686-arm-none-eabi/bin/../lib/gcc/arm-none-eabi/13.3.1/thumb/v7-m/nofp\libg.a(libc_a-findfp.o)
                0x20000a58                __sf
 .bss.__stdio_exit_handler
                0x20000b90        0x4 C:/stm32_enviroment/arm-gnu-toolchain-13.3.rel1-mingw-w64-i686-arm-none-eabi/bin/../lib/gcc/arm-none-eabi/13.3.1/thumb/v7-m/nofp\libg.a(libc_a-findfp.o)
                0x20000b90                __stdio_exit_handler
 .bss.errno     0x20000b94        0x4 C:/stm32_enviroment/arm-gnu-toolchain-13.3.rel1-mingw-w64-i686-arm-none-eabi/bin/../lib/gcc/arm-none-eabi/13.3.1/thumb/v7-m/nofp\libg.a(libc_a-reent.o)
                0x20000b94                errno
 .bss.__lock___malloc_recursive_mutex
                0x20000b98        0x1 C:/stm32_enviroment/arm-gnu-toolchain-13.3.rel1-mingw-w64-i686-arm-none-eabi/bin/../lib/gcc/arm-none-eabi/13.3.1/thumb/v7-m/nofp\libg.a(libc_a-lock.o)
                0x20000b98                __lock___malloc_recursive_mutex
 *fill*         0x20000b99        0x3 
 .bss.__lock___atexit_recursive_mutex
                0x20000b9c        0x1 C:/stm32_enviroment/arm-gnu-toolchain-13.3.rel1-mingw-w64-i686-arm-none-eabi/bin/../lib/gcc/arm-none-eabi/13.3.1/thumb/v7-m/nofp\libg.a(libc_a-lock.o)
                0x20000b9c                __lock___atexit_recursive_mutex
 *fill*         0x20000b9d        0x3 
 .bss.__lock___sfp_recursive_mutex
                0x20000ba0        0x1 C:/stm32_enviroment/arm-gnu-toolchain-13.3.rel1-mingw-w64-i686-arm-none-eabi/bin/../lib/gcc/arm-none-eabi/13.3.1/thumb/v7-m/nofp\libg.a(libc_a-lock.o)
                0x20000ba0                __lock___sfp_recursive_mutex
 *fill*         0x20000ba1        0x3 
 .bss.__atexit  0x20000ba4        0x4 C:/stm32_enviroment/arm-gnu-toolchain-13.3.rel1-mingw-w64-i686-arm-none-eabi/bin/../lib/gcc/arm-none-eabi/13.3.1/thumb/v7-m/nofp\libg.a(libc_a-__call_atexit.o)
                0x20000ba4                __atexit
 .bss.__malloc_current_mallinfo
                0x20000ba8       0x28 C:/stm32_enviroment/arm-gnu-toolchain-13.3.rel1-mingw-w64-i686-arm-none-eabi/bin/../lib/gcc/arm-none-eabi/13.3.1/thumb/v7-m/nofp\libg.a(libc_a-mallocr.o)
                0x20000ba8                __malloc_current_mallinfo
 .bss.__malloc_max_total_mem
                0x20000bd0        0x4 C:/stm32_enviroment/arm-gnu-toolchain-13.3.rel1-mingw-w64-i686-arm-none-eabi/bin/../lib/gcc/arm-none-eabi/13.3.1/thumb/v7-m/nofp\libg.a(libc_a-mallocr.o)
                0x20000bd0                __malloc_max_total_mem
 .bss.__malloc_max_sbrked_mem
                0x20000bd4        0x4 C:/stm32_enviroment/arm-gnu-toolchain-13.3.rel1-mingw-w64-i686-arm-none-eabi/bin/../lib/gcc/arm-none-eabi/13.3.1/thumb/v7-m/nofp\libg.a(libc_a-mallocr.o)
                0x20000bd4                __malloc_max_sbrked_mem
 .bss.__malloc_top_pad
                0x20000bd8        0x4 C:/stm32_enviroment/arm-gnu-toolchain-13.3.rel1-mingw-w64-i686-arm-none-eabi/bin/../lib/gcc/arm-none-eabi/13.3.1/thumb/v7-m/nofp\libg.a(libc_a-mallocr.o)
                0x20000bd8                __malloc_top_pad
 .bss.__atexit0
                0x20000bdc      0x190 C:/stm32_enviroment/arm-gnu-toolchain-13.3.rel1-mingw-w64-i686-arm-none-eabi/bin/../lib/gcc/arm-none-eabi/13.3.1/thumb/v7-m/nofp\libg.a(libc_a-__atexit.o)
                0x20000bdc                __atexit0
 *(COMMON)
                0x20000d6c                        . = ALIGN (0x4)
                0x20000d6c                        _ebss = .
                0x20000d6c                        __bss_end__ = _ebss

._user_heap_stack
                0x20000d6c      0x604 load address 0x08008c5c
                0x20000d70                        . = ALIGN (0x8)
 *fill*         0x20000d6c        0x4 
                [!provide]                        PROVIDE (end = .)
                0x20000d70                        PROVIDE (_end = .)
                0x20000f70                        . = (. + _Min_Heap_Size)
 *fill*         0x20000d70      0x200 
                0x20001370                        . = (. + _Min_Stack_Size)
 *fill*         0x20000f70      0x400 
                0x20001370                        . = ALIGN (0x8)

/DISCARD/
 libc.a(*)
 libm.a(*)
 libgcc.a(*)

.ARM.attributes
                0x00000000       0x29
 *(.ARM.attributes)
 .ARM.attributes
                0x00000000       0x1d C:/stm32_enviroment/arm-gnu-toolchain-13.3.rel1-mingw-w64-i686-arm-none-eabi/bin/../lib/gcc/arm-none-eabi/13.3.1/thumb/v7-m/nofp/crti.o
 .ARM.attributes
                0x0000001d       0x2d C:/stm32_enviroment/arm-gnu-toolchain-13.3.rel1-mingw-w64-i686-arm-none-eabi/bin/../lib/gcc/arm-none-eabi/13.3.1/thumb/v7-m/nofp/crtbegin.o
 .ARM.attributes
                0x0000004a       0x2d CMakeFiles/led_bill.elf.dir/Bsp/Src/Bsp_usart.c.obj
 .ARM.attributes
                0x00000077       0x2d CMakeFiles/led_bill.elf.dir/Core/Src/gpio.c.obj
 .ARM.attributes
                0x000000a4       0x2d CMakeFiles/led_bill.elf.dir/Core/Src/main.c.obj
 .ARM.attributes
                0x000000d1       0x2d CMakeFiles/led_bill.elf.dir/Core/Src/stm32f1xx_hal_msp.c.obj
 .ARM.attributes
                0x000000fe       0x2d CMakeFiles/led_bill.elf.dir/Core/Src/stm32f1xx_it.c.obj
 .ARM.attributes
                0x0000012b       0x2d CMakeFiles/led_bill.elf.dir/Core/Src/syscalls.c.obj
 .ARM.attributes
                0x00000158       0x2d CMakeFiles/led_bill.elf.dir/Core/Src/sysmem.c.obj
 .ARM.attributes
                0x00000185       0x2d CMakeFiles/led_bill.elf.dir/Core/Src/system_stm32f1xx.c.obj
 .ARM.attributes
                0x000001b2       0x2d CMakeFiles/led_bill.elf.dir/Core/Src/usart.c.obj
 .ARM.attributes
                0x000001df       0x21 CMakeFiles/led_bill.elf.dir/Core/Startup/startup_stm32f103c8tx.s.obj
 .ARM.attributes
                0x00000200       0x2d CMakeFiles/led_bill.elf.dir/Drivers/STM32F1xx_HAL_Driver/Src/stm32f1xx_hal.c.obj
 .ARM.attributes
                0x0000022d       0x2d CMakeFiles/led_bill.elf.dir/Drivers/STM32F1xx_HAL_Driver/Src/stm32f1xx_hal_cortex.c.obj
 .ARM.attributes
                0x0000025a       0x2d CMakeFiles/led_bill.elf.dir/Drivers/STM32F1xx_HAL_Driver/Src/stm32f1xx_hal_dma.c.obj
 .ARM.attributes
                0x00000287       0x2d CMakeFiles/led_bill.elf.dir/Drivers/STM32F1xx_HAL_Driver/Src/stm32f1xx_hal_gpio.c.obj
 .ARM.attributes
                0x000002b4       0x2d CMakeFiles/led_bill.elf.dir/Drivers/STM32F1xx_HAL_Driver/Src/stm32f1xx_hal_rcc.c.obj
 .ARM.attributes
                0x000002e1       0x2d CMakeFiles/led_bill.elf.dir/Drivers/STM32F1xx_HAL_Driver/Src/stm32f1xx_hal_uart.c.obj
 .ARM.attributes
                0x0000030e       0x2d C:/stm32_enviroment/arm-gnu-toolchain-13.3.rel1-mingw-w64-i686-arm-none-eabi/bin/../lib/gcc/arm-none-eabi/13.3.1/thumb/v7-m/nofp\libg.a(libc_a-findfp.o)
 .ARM.attributes
                0x0000033b       0x2d C:/stm32_enviroment/arm-gnu-toolchain-13.3.rel1-mingw-w64-i686-arm-none-eabi/bin/../lib/gcc/arm-none-eabi/13.3.1/thumb/v7-m/nofp\libg.a(libc_a-fwalk.o)
 .ARM.attributes
                0x00000368       0x2d C:/stm32_enviroment/arm-gnu-toolchain-13.3.rel1-mingw-w64-i686-arm-none-eabi/bin/../lib/gcc/arm-none-eabi/13.3.1/thumb/v7-m/nofp\libg.a(libc_a-stdio.o)
 .ARM.attributes
                0x00000395       0x2d C:/stm32_enviroment/arm-gnu-toolchain-13.3.rel1-mingw-w64-i686-arm-none-eabi/bin/../lib/gcc/arm-none-eabi/13.3.1/thumb/v7-m/nofp\libg.a(libc_a-vsprintf.o)
 .ARM.attributes
                0x000003c2       0x2d C:/stm32_enviroment/arm-gnu-toolchain-13.3.rel1-mingw-w64-i686-arm-none-eabi/bin/../lib/gcc/arm-none-eabi/13.3.1/thumb/v7-m/nofp\libg.a(libc_a-memset.o)
 .ARM.attributes
                0x000003ef       0x2d C:/stm32_enviroment/arm-gnu-toolchain-13.3.rel1-mingw-w64-i686-arm-none-eabi/bin/../lib/gcc/arm-none-eabi/13.3.1/thumb/v7-m/nofp\libg.a(libc_a-closer.o)
 .ARM.attributes
                0x0000041c       0x2d C:/stm32_enviroment/arm-gnu-toolchain-13.3.rel1-mingw-w64-i686-arm-none-eabi/bin/../lib/gcc/arm-none-eabi/13.3.1/thumb/v7-m/nofp\libg.a(libc_a-reent.o)
 .ARM.attributes
                0x00000449       0x2d C:/stm32_enviroment/arm-gnu-toolchain-13.3.rel1-mingw-w64-i686-arm-none-eabi/bin/../lib/gcc/arm-none-eabi/13.3.1/thumb/v7-m/nofp\libg.a(libc_a-impure.o)
 .ARM.attributes
                0x00000476       0x2d C:/stm32_enviroment/arm-gnu-toolchain-13.3.rel1-mingw-w64-i686-arm-none-eabi/bin/../lib/gcc/arm-none-eabi/13.3.1/thumb/v7-m/nofp\libg.a(libc_a-lseekr.o)
 .ARM.attributes
                0x000004a3       0x2d C:/stm32_enviroment/arm-gnu-toolchain-13.3.rel1-mingw-w64-i686-arm-none-eabi/bin/../lib/gcc/arm-none-eabi/13.3.1/thumb/v7-m/nofp\libg.a(libc_a-readr.o)
 .ARM.attributes
                0x000004d0       0x2d C:/stm32_enviroment/arm-gnu-toolchain-13.3.rel1-mingw-w64-i686-arm-none-eabi/bin/../lib/gcc/arm-none-eabi/13.3.1/thumb/v7-m/nofp\libg.a(libc_a-writer.o)
 .ARM.attributes
                0x000004fd       0x2d C:/stm32_enviroment/arm-gnu-toolchain-13.3.rel1-mingw-w64-i686-arm-none-eabi/bin/../lib/gcc/arm-none-eabi/13.3.1/thumb/v7-m/nofp\libg.a(libc_a-errno.o)
 .ARM.attributes
                0x0000052a       0x2d C:/stm32_enviroment/arm-gnu-toolchain-13.3.rel1-mingw-w64-i686-arm-none-eabi/bin/../lib/gcc/arm-none-eabi/13.3.1/thumb/v7-m/nofp\libg.a(libc_a-init.o)
 .ARM.attributes
                0x00000557       0x2d C:/stm32_enviroment/arm-gnu-toolchain-13.3.rel1-mingw-w64-i686-arm-none-eabi/bin/../lib/gcc/arm-none-eabi/13.3.1/thumb/v7-m/nofp\libg.a(libc_a-lock.o)
 .ARM.attributes
                0x00000584       0x2d C:/stm32_enviroment/arm-gnu-toolchain-13.3.rel1-mingw-w64-i686-arm-none-eabi/bin/../lib/gcc/arm-none-eabi/13.3.1/thumb/v7-m/nofp\libg.a(libc_a-__call_atexit.o)
 .ARM.attributes
                0x000005b1       0x2d C:/stm32_enviroment/arm-gnu-toolchain-13.3.rel1-mingw-w64-i686-arm-none-eabi/bin/../lib/gcc/arm-none-eabi/13.3.1/thumb/v7-m/nofp\libg.a(libc_a-atexit.o)
 .ARM.attributes
                0x000005de       0x2d C:/stm32_enviroment/arm-gnu-toolchain-13.3.rel1-mingw-w64-i686-arm-none-eabi/bin/../lib/gcc/arm-none-eabi/13.3.1/thumb/v7-m/nofp\libg.a(libc_a-freer.o)
 .ARM.attributes
                0x0000060b       0x2d C:/stm32_enviroment/arm-gnu-toolchain-13.3.rel1-mingw-w64-i686-arm-none-eabi/bin/../lib/gcc/arm-none-eabi/13.3.1/thumb/v7-m/nofp\libg.a(libc_a-mallocr.o)
 .ARM.attributes
                0x00000638       0x2d C:/stm32_enviroment/arm-gnu-toolchain-13.3.rel1-mingw-w64-i686-arm-none-eabi/bin/../lib/gcc/arm-none-eabi/13.3.1/thumb/v7-m/nofp\libg.a(libc_a-mlock.o)
 .ARM.attributes
                0x00000665       0x2d C:/stm32_enviroment/arm-gnu-toolchain-13.3.rel1-mingw-w64-i686-arm-none-eabi/bin/../lib/gcc/arm-none-eabi/13.3.1/thumb/v7-m/nofp\libg.a(libc_a-svfprintf.o)
 .ARM.attributes
                0x00000692       0x2d C:/stm32_enviroment/arm-gnu-toolchain-13.3.rel1-mingw-w64-i686-arm-none-eabi/bin/../lib/gcc/arm-none-eabi/13.3.1/thumb/v7-m/nofp\libg.a(libc_a-ssprint_r.o)
 .ARM.attributes
                0x000006bf       0x2d C:/stm32_enviroment/arm-gnu-toolchain-13.3.rel1-mingw-w64-i686-arm-none-eabi/bin/../lib/gcc/arm-none-eabi/13.3.1/thumb/v7-m/nofp\libg.a(libc_a-fclose.o)
 .ARM.attributes
                0x000006ec       0x2d C:/stm32_enviroment/arm-gnu-toolchain-13.3.rel1-mingw-w64-i686-arm-none-eabi/bin/../lib/gcc/arm-none-eabi/13.3.1/thumb/v7-m/nofp\libg.a(libc_a-fflush.o)
 .ARM.attributes
                0x00000719       0x2d C:/stm32_enviroment/arm-gnu-toolchain-13.3.rel1-mingw-w64-i686-arm-none-eabi/bin/../lib/gcc/arm-none-eabi/13.3.1/thumb/v7-m/nofp\libg.a(libc_a-strncpy.o)
 .ARM.attributes
                0x00000746       0x2d C:/stm32_enviroment/arm-gnu-toolchain-13.3.rel1-mingw-w64-i686-arm-none-eabi/bin/../lib/gcc/arm-none-eabi/13.3.1/thumb/v7-m/nofp\libg.a(libc_a-locale.o)
 .ARM.attributes
                0x00000773       0x2d C:/stm32_enviroment/arm-gnu-toolchain-13.3.rel1-mingw-w64-i686-arm-none-eabi/bin/../lib/gcc/arm-none-eabi/13.3.1/thumb/v7-m/nofp\libg.a(libc_a-localeconv.o)
 .ARM.attributes
                0x000007a0       0x2d C:/stm32_enviroment/arm-gnu-toolchain-13.3.rel1-mingw-w64-i686-arm-none-eabi/bin/../lib/gcc/arm-none-eabi/13.3.1/thumb/v7-m/nofp\libg.a(libc_a-sbrkr.o)
 .ARM.attributes
                0x000007cd       0x2d C:/stm32_enviroment/arm-gnu-toolchain-13.3.rel1-mingw-w64-i686-arm-none-eabi/bin/../lib/gcc/arm-none-eabi/13.3.1/thumb/v7-m/nofp\libg.a(libc_a-fini.o)
 .ARM.attributes
                0x000007fa       0x2d C:/stm32_enviroment/arm-gnu-toolchain-13.3.rel1-mingw-w64-i686-arm-none-eabi/bin/../lib/gcc/arm-none-eabi/13.3.1/thumb/v7-m/nofp\libg.a(libc_a-sysconf.o)
 .ARM.attributes
                0x00000827       0x2d C:/stm32_enviroment/arm-gnu-toolchain-13.3.rel1-mingw-w64-i686-arm-none-eabi/bin/../lib/gcc/arm-none-eabi/13.3.1/thumb/v7-m/nofp\libg.a(libc_a-memchr-stub.o)
 .ARM.attributes
                0x00000854       0x2d C:/stm32_enviroment/arm-gnu-toolchain-13.3.rel1-mingw-w64-i686-arm-none-eabi/bin/../lib/gcc/arm-none-eabi/13.3.1/thumb/v7-m/nofp\libg.a(libc_a-strlen-stub.o)
 .ARM.attributes
                0x00000881       0x2d C:/stm32_enviroment/arm-gnu-toolchain-13.3.rel1-mingw-w64-i686-arm-none-eabi/bin/../lib/gcc/arm-none-eabi/13.3.1/thumb/v7-m/nofp\libg.a(libm_a-s_frexp.o)
 .ARM.attributes
                0x000008ae       0x2d C:/stm32_enviroment/arm-gnu-toolchain-13.3.rel1-mingw-w64-i686-arm-none-eabi/bin/../lib/gcc/arm-none-eabi/13.3.1/thumb/v7-m/nofp\libg.a(libc_a-__atexit.o)
 .ARM.attributes
                0x000008db       0x2d C:/stm32_enviroment/arm-gnu-toolchain-13.3.rel1-mingw-w64-i686-arm-none-eabi/bin/../lib/gcc/arm-none-eabi/13.3.1/thumb/v7-m/nofp\libg.a(libc_a-dtoa.o)
 .ARM.attributes
                0x00000908       0x2d C:/stm32_enviroment/arm-gnu-toolchain-13.3.rel1-mingw-w64-i686-arm-none-eabi/bin/../lib/gcc/arm-none-eabi/13.3.1/thumb/v7-m/nofp\libg.a(libc_a-mbtowc_r.o)
 .ARM.attributes
                0x00000935       0x2d C:/stm32_enviroment/arm-gnu-toolchain-13.3.rel1-mingw-w64-i686-arm-none-eabi/bin/../lib/gcc/arm-none-eabi/13.3.1/thumb/v7-m/nofp\libg.a(libc_a-mprec.o)
 .ARM.attributes
                0x00000962       0x2d C:/stm32_enviroment/arm-gnu-toolchain-13.3.rel1-mingw-w64-i686-arm-none-eabi/bin/../lib/gcc/arm-none-eabi/13.3.1/thumb/v7-m/nofp\libg.a(libc_a-wctomb_r.o)
 .ARM.attributes
                0x0000098f       0x2d C:/stm32_enviroment/arm-gnu-toolchain-13.3.rel1-mingw-w64-i686-arm-none-eabi/bin/../lib/gcc/arm-none-eabi/13.3.1/thumb/v7-m/nofp\libg.a(libc_a-wcrtomb.o)
 .ARM.attributes
                0x000009bc       0x2d C:/stm32_enviroment/arm-gnu-toolchain-13.3.rel1-mingw-w64-i686-arm-none-eabi/bin/../lib/gcc/arm-none-eabi/13.3.1/thumb/v7-m/nofp\libg.a(libc_a-wcsrtombs.o)
 .ARM.attributes
                0x000009e9       0x2d C:/stm32_enviroment/arm-gnu-toolchain-13.3.rel1-mingw-w64-i686-arm-none-eabi/bin/../lib/gcc/arm-none-eabi/13.3.1/thumb/v7-m/nofp\libg.a(libc_a-ctype_.o)
 .ARM.attributes
                0x00000a16       0x2d C:/stm32_enviroment/arm-gnu-toolchain-13.3.rel1-mingw-w64-i686-arm-none-eabi/bin/../lib/gcc/arm-none-eabi/13.3.1/thumb/v7-m/nofp\libg.a(libc_a-ssputs_r.o)
 .ARM.attributes
                0x00000a43       0x2d C:/stm32_enviroment/arm-gnu-toolchain-13.3.rel1-mingw-w64-i686-arm-none-eabi/bin/../lib/gcc/arm-none-eabi/13.3.1/thumb/v7-m/nofp\libg.a(libc_a-memmove.o)
 .ARM.attributes
                0x00000a70       0x1b C:/stm32_enviroment/arm-gnu-toolchain-13.3.rel1-mingw-w64-i686-arm-none-eabi/bin/../lib/gcc/arm-none-eabi/13.3.1/thumb/v7-m/nofp\libg.a(libc_a-memcpy.o)
 .ARM.attributes
                0x00000a8b       0x2d C:/stm32_enviroment/arm-gnu-toolchain-13.3.rel1-mingw-w64-i686-arm-none-eabi/bin/../lib/gcc/arm-none-eabi/13.3.1/thumb/v7-m/nofp\libg.a(libc_a-assert.o)
 .ARM.attributes
                0x00000ab8       0x2d C:/stm32_enviroment/arm-gnu-toolchain-13.3.rel1-mingw-w64-i686-arm-none-eabi/bin/../lib/gcc/arm-none-eabi/13.3.1/thumb/v7-m/nofp\libg.a(libc_a-callocr.o)
 .ARM.attributes
                0x00000ae5       0x2d C:/stm32_enviroment/arm-gnu-toolchain-13.3.rel1-mingw-w64-i686-arm-none-eabi/bin/../lib/gcc/arm-none-eabi/13.3.1/thumb/v7-m/nofp\libg.a(libc_a-reallocr.o)
 .ARM.attributes
                0x00000b12       0x2d C:/stm32_enviroment/arm-gnu-toolchain-13.3.rel1-mingw-w64-i686-arm-none-eabi/bin/../lib/gcc/arm-none-eabi/13.3.1/thumb/v7-m/nofp\libg.a(libc_a-wcsnrtombs.o)
 .ARM.attributes
                0x00000b3f       0x2d C:/stm32_enviroment/arm-gnu-toolchain-13.3.rel1-mingw-w64-i686-arm-none-eabi/bin/../lib/gcc/arm-none-eabi/13.3.1/thumb/v7-m/nofp\libg.a(libc_a-fiprintf.o)
 .ARM.attributes
                0x00000b6c       0x2d C:/stm32_enviroment/arm-gnu-toolchain-13.3.rel1-mingw-w64-i686-arm-none-eabi/bin/../lib/gcc/arm-none-eabi/13.3.1/thumb/v7-m/nofp\libg.a(libc_a-vfiprintf.o)
 .ARM.attributes
                0x00000b99       0x2d C:/stm32_enviroment/arm-gnu-toolchain-13.3.rel1-mingw-w64-i686-arm-none-eabi/bin/../lib/gcc/arm-none-eabi/13.3.1/thumb/v7-m/nofp\libg.a(libc_a-sprint_r.o)
 .ARM.attributes
                0x00000bc6       0x2d C:/stm32_enviroment/arm-gnu-toolchain-13.3.rel1-mingw-w64-i686-arm-none-eabi/bin/../lib/gcc/arm-none-eabi/13.3.1/thumb/v7-m/nofp\libg.a(libc_a-fvwrite.o)
 .ARM.attributes
                0x00000bf3       0x2d C:/stm32_enviroment/arm-gnu-toolchain-13.3.rel1-mingw-w64-i686-arm-none-eabi/bin/../lib/gcc/arm-none-eabi/13.3.1/thumb/v7-m/nofp\libg.a(libc_a-wsetup.o)
 .ARM.attributes
                0x00000c20       0x2d C:/stm32_enviroment/arm-gnu-toolchain-13.3.rel1-mingw-w64-i686-arm-none-eabi/bin/../lib/gcc/arm-none-eabi/13.3.1/thumb/v7-m/nofp\libg.a(libc_a-abort.o)
 .ARM.attributes
                0x00000c4d       0x2d C:/stm32_enviroment/arm-gnu-toolchain-13.3.rel1-mingw-w64-i686-arm-none-eabi/bin/../lib/gcc/arm-none-eabi/13.3.1/thumb/v7-m/nofp\libg.a(libc_a-makebuf.o)
 .ARM.attributes
                0x00000c7a       0x2d C:/stm32_enviroment/arm-gnu-toolchain-13.3.rel1-mingw-w64-i686-arm-none-eabi/bin/../lib/gcc/arm-none-eabi/13.3.1/thumb/v7-m/nofp\libg.a(libc_a-signal.o)
 .ARM.attributes
                0x00000ca7       0x2d C:/stm32_enviroment/arm-gnu-toolchain-13.3.rel1-mingw-w64-i686-arm-none-eabi/bin/../lib/gcc/arm-none-eabi/13.3.1/thumb/v7-m/nofp\libg.a(libc_a-fstatr.o)
 .ARM.attributes
                0x00000cd4       0x2d C:/stm32_enviroment/arm-gnu-toolchain-13.3.rel1-mingw-w64-i686-arm-none-eabi/bin/../lib/gcc/arm-none-eabi/13.3.1/thumb/v7-m/nofp\libg.a(libc_a-isattyr.o)
 .ARM.attributes
                0x00000d01       0x2d C:/stm32_enviroment/arm-gnu-toolchain-13.3.rel1-mingw-w64-i686-arm-none-eabi/bin/../lib/gcc/arm-none-eabi/13.3.1/thumb/v7-m/nofp\libg.a(libc_a-signalr.o)
 .ARM.attributes
                0x00000d2e       0x1d C:/stm32_enviroment/arm-gnu-toolchain-13.3.rel1-mingw-w64-i686-arm-none-eabi/bin/../lib/gcc/arm-none-eabi/13.3.1/thumb/v7-m/nofp\libgcc.a(_arm_addsubdf3.o)
 .ARM.attributes
                0x00000d4b       0x1d C:/stm32_enviroment/arm-gnu-toolchain-13.3.rel1-mingw-w64-i686-arm-none-eabi/bin/../lib/gcc/arm-none-eabi/13.3.1/thumb/v7-m/nofp\libgcc.a(_arm_muldivdf3.o)
 .ARM.attributes
                0x00000d68       0x1d C:/stm32_enviroment/arm-gnu-toolchain-13.3.rel1-mingw-w64-i686-arm-none-eabi/bin/../lib/gcc/arm-none-eabi/13.3.1/thumb/v7-m/nofp\libgcc.a(_arm_cmpdf2.o)
 .ARM.attributes
                0x00000d85       0x1d C:/stm32_enviroment/arm-gnu-toolchain-13.3.rel1-mingw-w64-i686-arm-none-eabi/bin/../lib/gcc/arm-none-eabi/13.3.1/thumb/v7-m/nofp\libgcc.a(_arm_unorddf2.o)
 .ARM.attributes
                0x00000da2       0x1d C:/stm32_enviroment/arm-gnu-toolchain-13.3.rel1-mingw-w64-i686-arm-none-eabi/bin/../lib/gcc/arm-none-eabi/13.3.1/thumb/v7-m/nofp\libgcc.a(_arm_fixdfsi.o)
 .ARM.attributes
                0x00000dbf       0x2d C:/stm32_enviroment/arm-gnu-toolchain-13.3.rel1-mingw-w64-i686-arm-none-eabi/bin/../lib/gcc/arm-none-eabi/13.3.1/thumb/v7-m/nofp/crtend.o
 .ARM.attributes
                0x00000dec       0x1d C:/stm32_enviroment/arm-gnu-toolchain-13.3.rel1-mingw-w64-i686-arm-none-eabi/bin/../lib/gcc/arm-none-eabi/13.3.1/thumb/v7-m/nofp/crtn.o
OUTPUT(led_bill.elf elf32-littlearm)
LOAD linker stubs
LOAD C:/stm32_enviroment/arm-gnu-toolchain-13.3.rel1-mingw-w64-i686-arm-none-eabi/bin/../lib/gcc/arm-none-eabi/13.3.1/thumb/v7-m/nofp\libc.a
LOAD C:/stm32_enviroment/arm-gnu-toolchain-13.3.rel1-mingw-w64-i686-arm-none-eabi/bin/../lib/gcc/arm-none-eabi/13.3.1/thumb/v7-m/nofp\libm.a
LOAD C:/stm32_enviroment/arm-gnu-toolchain-13.3.rel1-mingw-w64-i686-arm-none-eabi/bin/../lib/gcc/arm-none-eabi/13.3.1/thumb/v7-m/nofp\libgcc.a

.debug_info     0x00000000     0x9914
 .debug_info    0x00000000      0x771 CMakeFiles/led_bill.elf.dir/Bsp/Src/Bsp_usart.c.obj
 .debug_info    0x00000771      0x2f5 CMakeFiles/led_bill.elf.dir/Core/Src/gpio.c.obj
 .debug_info    0x00000a66      0x4af CMakeFiles/led_bill.elf.dir/Core/Src/main.c.obj
 .debug_info    0x00000f15      0x1fb CMakeFiles/led_bill.elf.dir/Core/Src/stm32f1xx_hal_msp.c.obj
 .debug_info    0x00001110      0x60a CMakeFiles/led_bill.elf.dir/Core/Src/stm32f1xx_it.c.obj
 .debug_info    0x0000171a      0x789 CMakeFiles/led_bill.elf.dir/Core/Src/syscalls.c.obj
 .debug_info    0x00001ea3      0x171 CMakeFiles/led_bill.elf.dir/Core/Src/sysmem.c.obj
 .debug_info    0x00002014      0x22d CMakeFiles/led_bill.elf.dir/Core/Src/system_stm32f1xx.c.obj
 .debug_info    0x00002241      0x9ee CMakeFiles/led_bill.elf.dir/Core/Src/usart.c.obj
 .debug_info    0x00002c2f       0x30 CMakeFiles/led_bill.elf.dir/Core/Startup/startup_stm32f103c8tx.s.obj
 .debug_info    0x00002c5f      0x7a2 CMakeFiles/led_bill.elf.dir/Drivers/STM32F1xx_HAL_Driver/Src/stm32f1xx_hal.c.obj
 .debug_info    0x00003401      0xcd9 CMakeFiles/led_bill.elf.dir/Drivers/STM32F1xx_HAL_Driver/Src/stm32f1xx_hal_cortex.c.obj
 .debug_info    0x000040da      0x7f2 CMakeFiles/led_bill.elf.dir/Drivers/STM32F1xx_HAL_Driver/Src/stm32f1xx_hal_dma.c.obj
 .debug_info    0x000048cc      0x604 CMakeFiles/led_bill.elf.dir/Drivers/STM32F1xx_HAL_Driver/Src/stm32f1xx_hal_gpio.c.obj
 .debug_info    0x00004ed0      0x9c7 CMakeFiles/led_bill.elf.dir/Drivers/STM32F1xx_HAL_Driver/Src/stm32f1xx_hal_rcc.c.obj
 .debug_info    0x00005897     0x407d CMakeFiles/led_bill.elf.dir/Drivers/STM32F1xx_HAL_Driver/Src/stm32f1xx_hal_uart.c.obj

.debug_abbrev   0x00000000     0x1da9
 .debug_abbrev  0x00000000      0x221 CMakeFiles/led_bill.elf.dir/Bsp/Src/Bsp_usart.c.obj
 .debug_abbrev  0x00000221      0x151 CMakeFiles/led_bill.elf.dir/Core/Src/gpio.c.obj
 .debug_abbrev  0x00000372      0x205 CMakeFiles/led_bill.elf.dir/Core/Src/main.c.obj
 .debug_abbrev  0x00000577       0xed CMakeFiles/led_bill.elf.dir/Core/Src/stm32f1xx_hal_msp.c.obj
 .debug_abbrev  0x00000664      0x17f CMakeFiles/led_bill.elf.dir/Core/Src/stm32f1xx_it.c.obj
 .debug_abbrev  0x000007e3      0x1c1 CMakeFiles/led_bill.elf.dir/Core/Src/syscalls.c.obj
 .debug_abbrev  0x000009a4       0xea CMakeFiles/led_bill.elf.dir/Core/Src/sysmem.c.obj
 .debug_abbrev  0x00000a8e      0x143 CMakeFiles/led_bill.elf.dir/Core/Src/system_stm32f1xx.c.obj
 .debug_abbrev  0x00000bd1      0x223 CMakeFiles/led_bill.elf.dir/Core/Src/usart.c.obj
 .debug_abbrev  0x00000df4       0x24 CMakeFiles/led_bill.elf.dir/Core/Startup/startup_stm32f103c8tx.s.obj
 .debug_abbrev  0x00000e18      0x22d CMakeFiles/led_bill.elf.dir/Drivers/STM32F1xx_HAL_Driver/Src/stm32f1xx_hal.c.obj
 .debug_abbrev  0x00001045      0x36d CMakeFiles/led_bill.elf.dir/Drivers/STM32F1xx_HAL_Driver/Src/stm32f1xx_hal_cortex.c.obj
 .debug_abbrev  0x000013b2      0x244 CMakeFiles/led_bill.elf.dir/Drivers/STM32F1xx_HAL_Driver/Src/stm32f1xx_hal_dma.c.obj
 .debug_abbrev  0x000015f6      0x1f7 CMakeFiles/led_bill.elf.dir/Drivers/STM32F1xx_HAL_Driver/Src/stm32f1xx_hal_gpio.c.obj
 .debug_abbrev  0x000017ed      0x2a0 CMakeFiles/led_bill.elf.dir/Drivers/STM32F1xx_HAL_Driver/Src/stm32f1xx_hal_rcc.c.obj
 .debug_abbrev  0x00001a8d      0x31c CMakeFiles/led_bill.elf.dir/Drivers/STM32F1xx_HAL_Driver/Src/stm32f1xx_hal_uart.c.obj

.debug_loclists
                0x00000000     0x452d
 .debug_loclists
                0x00000000       0x79 CMakeFiles/led_bill.elf.dir/Bsp/Src/Bsp_usart.c.obj
 .debug_loclists
                0x00000079       0x17 CMakeFiles/led_bill.elf.dir/Core/Src/stm32f1xx_hal_msp.c.obj
 .debug_loclists
                0x00000090      0x2cd CMakeFiles/led_bill.elf.dir/Core/Src/syscalls.c.obj
 .debug_loclists
                0x0000035d       0x52 CMakeFiles/led_bill.elf.dir/Core/Src/sysmem.c.obj
 .debug_loclists
                0x000003af       0xb7 CMakeFiles/led_bill.elf.dir/Core/Src/system_stm32f1xx.c.obj
 .debug_loclists
                0x00000466       0x75 CMakeFiles/led_bill.elf.dir/Core/Src/usart.c.obj
 .debug_loclists
                0x000004db       0xe1 CMakeFiles/led_bill.elf.dir/Drivers/STM32F1xx_HAL_Driver/Src/stm32f1xx_hal.c.obj
 .debug_loclists
                0x000005bc      0x530 CMakeFiles/led_bill.elf.dir/Drivers/STM32F1xx_HAL_Driver/Src/stm32f1xx_hal_cortex.c.obj
 .debug_loclists
                0x00000aec      0x562 CMakeFiles/led_bill.elf.dir/Drivers/STM32F1xx_HAL_Driver/Src/stm32f1xx_hal_dma.c.obj
 .debug_loclists
                0x0000104e      0x318 CMakeFiles/led_bill.elf.dir/Drivers/STM32F1xx_HAL_Driver/Src/stm32f1xx_hal_gpio.c.obj
 .debug_loclists
                0x00001366      0x42e CMakeFiles/led_bill.elf.dir/Drivers/STM32F1xx_HAL_Driver/Src/stm32f1xx_hal_rcc.c.obj
 .debug_loclists
                0x00001794     0x2d99 CMakeFiles/led_bill.elf.dir/Drivers/STM32F1xx_HAL_Driver/Src/stm32f1xx_hal_uart.c.obj

.debug_aranges  0x00000000      0x758
 .debug_aranges
                0x00000000       0x28 CMakeFiles/led_bill.elf.dir/Bsp/Src/Bsp_usart.c.obj
 .debug_aranges
                0x00000028       0x20 CMakeFiles/led_bill.elf.dir/Core/Src/gpio.c.obj
 .debug_aranges
                0x00000048       0x30 CMakeFiles/led_bill.elf.dir/Core/Src/main.c.obj
 .debug_aranges
                0x00000078       0x20 CMakeFiles/led_bill.elf.dir/Core/Src/stm32f1xx_hal_msp.c.obj
 .debug_aranges
                0x00000098       0x68 CMakeFiles/led_bill.elf.dir/Core/Src/stm32f1xx_it.c.obj
 .debug_aranges
                0x00000100       0xa8 CMakeFiles/led_bill.elf.dir/Core/Src/syscalls.c.obj
 .debug_aranges
                0x000001a8       0x20 CMakeFiles/led_bill.elf.dir/Core/Src/sysmem.c.obj
 .debug_aranges
                0x000001c8       0x28 CMakeFiles/led_bill.elf.dir/Core/Src/system_stm32f1xx.c.obj
 .debug_aranges
                0x000001f0       0x30 CMakeFiles/led_bill.elf.dir/Core/Src/usart.c.obj
 .debug_aranges
                0x00000220       0x28 CMakeFiles/led_bill.elf.dir/Core/Startup/startup_stm32f103c8tx.s.obj
 .debug_aranges
                0x00000248       0xe0 CMakeFiles/led_bill.elf.dir/Drivers/STM32F1xx_HAL_Driver/Src/stm32f1xx_hal.c.obj
 .debug_aranges
                0x00000328       0xc0 CMakeFiles/led_bill.elf.dir/Drivers/STM32F1xx_HAL_Driver/Src/stm32f1xx_hal_cortex.c.obj
 .debug_aranges
                0x000003e8       0x80 CMakeFiles/led_bill.elf.dir/Drivers/STM32F1xx_HAL_Driver/Src/stm32f1xx_hal_dma.c.obj
 .debug_aranges
                0x00000468       0x58 CMakeFiles/led_bill.elf.dir/Drivers/STM32F1xx_HAL_Driver/Src/stm32f1xx_hal_gpio.c.obj
 .debug_aranges
                0x000004c0       0x90 CMakeFiles/led_bill.elf.dir/Drivers/STM32F1xx_HAL_Driver/Src/stm32f1xx_hal_rcc.c.obj
 .debug_aranges
                0x00000550      0x208 CMakeFiles/led_bill.elf.dir/Drivers/STM32F1xx_HAL_Driver/Src/stm32f1xx_hal_uart.c.obj

.debug_rnglists
                0x00000000      0x56f
 .debug_rnglists
                0x00000000       0x19 CMakeFiles/led_bill.elf.dir/Bsp/Src/Bsp_usart.c.obj
 .debug_rnglists
                0x00000019       0x13 CMakeFiles/led_bill.elf.dir/Core/Src/gpio.c.obj
 .debug_rnglists
                0x0000002c       0x1f CMakeFiles/led_bill.elf.dir/Core/Src/main.c.obj
 .debug_rnglists
                0x0000004b       0x13 CMakeFiles/led_bill.elf.dir/Core/Src/stm32f1xx_hal_msp.c.obj
 .debug_rnglists
                0x0000005e       0x49 CMakeFiles/led_bill.elf.dir/Core/Src/stm32f1xx_it.c.obj
 .debug_rnglists
                0x000000a7       0x79 CMakeFiles/led_bill.elf.dir/Core/Src/syscalls.c.obj
 .debug_rnglists
                0x00000120       0x13 CMakeFiles/led_bill.elf.dir/Core/Src/sysmem.c.obj
 .debug_rnglists
                0x00000133       0x1a CMakeFiles/led_bill.elf.dir/Core/Src/system_stm32f1xx.c.obj
 .debug_rnglists
                0x0000014d       0x20 CMakeFiles/led_bill.elf.dir/Core/Src/usart.c.obj
 .debug_rnglists
                0x0000016d       0x19 CMakeFiles/led_bill.elf.dir/Core/Startup/startup_stm32f103c8tx.s.obj
 .debug_rnglists
                0x00000186       0xa3 CMakeFiles/led_bill.elf.dir/Drivers/STM32F1xx_HAL_Driver/Src/stm32f1xx_hal.c.obj
 .debug_rnglists
                0x00000229       0x8b CMakeFiles/led_bill.elf.dir/Drivers/STM32F1xx_HAL_Driver/Src/stm32f1xx_hal_cortex.c.obj
 .debug_rnglists
                0x000002b4       0x5e CMakeFiles/led_bill.elf.dir/Drivers/STM32F1xx_HAL_Driver/Src/stm32f1xx_hal_dma.c.obj
 .debug_rnglists
                0x00000312       0x3f CMakeFiles/led_bill.elf.dir/Drivers/STM32F1xx_HAL_Driver/Src/stm32f1xx_hal_gpio.c.obj
 .debug_rnglists
                0x00000351       0x7d CMakeFiles/led_bill.elf.dir/Drivers/STM32F1xx_HAL_Driver/Src/stm32f1xx_hal_rcc.c.obj
 .debug_rnglists
                0x000003ce      0x1a1 CMakeFiles/led_bill.elf.dir/Drivers/STM32F1xx_HAL_Driver/Src/stm32f1xx_hal_uart.c.obj

.debug_line     0x00000000     0x7ce8
 .debug_line    0x00000000      0x3fa CMakeFiles/led_bill.elf.dir/Bsp/Src/Bsp_usart.c.obj
 .debug_line    0x000003fa      0x235 CMakeFiles/led_bill.elf.dir/Core/Src/gpio.c.obj
 .debug_line    0x0000062f      0x3e5 CMakeFiles/led_bill.elf.dir/Core/Src/main.c.obj
 .debug_line    0x00000a14      0x1c6 CMakeFiles/led_bill.elf.dir/Core/Src/stm32f1xx_hal_msp.c.obj
 .debug_line    0x00000bda      0x342 CMakeFiles/led_bill.elf.dir/Core/Src/stm32f1xx_it.c.obj
 .debug_line    0x00000f1c      0x429 CMakeFiles/led_bill.elf.dir/Core/Src/syscalls.c.obj
 .debug_line    0x00001345      0x22d CMakeFiles/led_bill.elf.dir/Core/Src/sysmem.c.obj
 .debug_line    0x00001572      0x28f CMakeFiles/led_bill.elf.dir/Core/Src/system_stm32f1xx.c.obj
 .debug_line    0x00001801      0x392 CMakeFiles/led_bill.elf.dir/Core/Src/usart.c.obj
 .debug_line    0x00001b93       0x78 CMakeFiles/led_bill.elf.dir/Core/Startup/startup_stm32f103c8tx.s.obj
 .debug_line    0x00001c0b      0x5aa CMakeFiles/led_bill.elf.dir/Drivers/STM32F1xx_HAL_Driver/Src/stm32f1xx_hal.c.obj
 .debug_line    0x000021b5      0x70a CMakeFiles/led_bill.elf.dir/Drivers/STM32F1xx_HAL_Driver/Src/stm32f1xx_hal_cortex.c.obj
 .debug_line    0x000028bf      0xb52 CMakeFiles/led_bill.elf.dir/Drivers/STM32F1xx_HAL_Driver/Src/stm32f1xx_hal_dma.c.obj
 .debug_line    0x00003411      0x633 CMakeFiles/led_bill.elf.dir/Drivers/STM32F1xx_HAL_Driver/Src/stm32f1xx_hal_gpio.c.obj
 .debug_line    0x00003a44      0xd0d CMakeFiles/led_bill.elf.dir/Drivers/STM32F1xx_HAL_Driver/Src/stm32f1xx_hal_rcc.c.obj
 .debug_line    0x00004751     0x3597 CMakeFiles/led_bill.elf.dir/Drivers/STM32F1xx_HAL_Driver/Src/stm32f1xx_hal_uart.c.obj

.debug_str      0x00000000     0x239a
 .debug_str     0x00000000     0x239a CMakeFiles/led_bill.elf.dir/Bsp/Src/Bsp_usart.c.obj
                                0x6cc (size before relaxing)
 .debug_str     0x0000239a      0x2b0 CMakeFiles/led_bill.elf.dir/Core/Src/gpio.c.obj
 .debug_str     0x0000239a      0x3fd CMakeFiles/led_bill.elf.dir/Core/Src/main.c.obj
 .debug_str     0x0000239a      0x244 CMakeFiles/led_bill.elf.dir/Core/Src/stm32f1xx_hal_msp.c.obj
 .debug_str     0x0000239a      0x682 CMakeFiles/led_bill.elf.dir/Core/Src/stm32f1xx_it.c.obj
 .debug_str     0x0000239a      0x40c CMakeFiles/led_bill.elf.dir/Core/Src/syscalls.c.obj
 .debug_str     0x0000239a      0x238 CMakeFiles/led_bill.elf.dir/Core/Src/sysmem.c.obj
 .debug_str     0x0000239a      0x274 CMakeFiles/led_bill.elf.dir/Core/Src/system_stm32f1xx.c.obj
 .debug_str     0x0000239a      0xa12 CMakeFiles/led_bill.elf.dir/Core/Src/usart.c.obj
 .debug_str     0x0000239a       0x85 CMakeFiles/led_bill.elf.dir/Core/Startup/startup_stm32f103c8tx.s.obj
 .debug_str     0x0000239a      0x84e CMakeFiles/led_bill.elf.dir/Drivers/STM32F1xx_HAL_Driver/Src/stm32f1xx_hal.c.obj
 .debug_str     0x0000239a      0x8f3 CMakeFiles/led_bill.elf.dir/Drivers/STM32F1xx_HAL_Driver/Src/stm32f1xx_hal_cortex.c.obj
 .debug_str     0x0000239a      0x61d CMakeFiles/led_bill.elf.dir/Drivers/STM32F1xx_HAL_Driver/Src/stm32f1xx_hal_dma.c.obj
 .debug_str     0x0000239a      0x420 CMakeFiles/led_bill.elf.dir/Drivers/STM32F1xx_HAL_Driver/Src/stm32f1xx_hal_gpio.c.obj
 .debug_str     0x0000239a      0x64b CMakeFiles/led_bill.elf.dir/Drivers/STM32F1xx_HAL_Driver/Src/stm32f1xx_hal_rcc.c.obj
 .debug_str     0x0000239a      0xd14 CMakeFiles/led_bill.elf.dir/Drivers/STM32F1xx_HAL_Driver/Src/stm32f1xx_hal_uart.c.obj

.comment        0x00000000       0x45
 .comment       0x00000000       0x45 CMakeFiles/led_bill.elf.dir/Bsp/Src/Bsp_usart.c.obj
                                 0x46 (size before relaxing)
 .comment       0x00000045       0x46 CMakeFiles/led_bill.elf.dir/Core/Src/gpio.c.obj
 .comment       0x00000045       0x46 CMakeFiles/led_bill.elf.dir/Core/Src/main.c.obj
 .comment       0x00000045       0x46 CMakeFiles/led_bill.elf.dir/Core/Src/stm32f1xx_hal_msp.c.obj
 .comment       0x00000045       0x46 CMakeFiles/led_bill.elf.dir/Core/Src/stm32f1xx_it.c.obj
 .comment       0x00000045       0x46 CMakeFiles/led_bill.elf.dir/Core/Src/syscalls.c.obj
 .comment       0x00000045       0x46 CMakeFiles/led_bill.elf.dir/Core/Src/sysmem.c.obj
 .comment       0x00000045       0x46 CMakeFiles/led_bill.elf.dir/Core/Src/system_stm32f1xx.c.obj
 .comment       0x00000045       0x46 CMakeFiles/led_bill.elf.dir/Core/Src/usart.c.obj
 .comment       0x00000045       0x46 CMakeFiles/led_bill.elf.dir/Drivers/STM32F1xx_HAL_Driver/Src/stm32f1xx_hal.c.obj
 .comment       0x00000045       0x46 CMakeFiles/led_bill.elf.dir/Drivers/STM32F1xx_HAL_Driver/Src/stm32f1xx_hal_cortex.c.obj
 .comment       0x00000045       0x46 CMakeFiles/led_bill.elf.dir/Drivers/STM32F1xx_HAL_Driver/Src/stm32f1xx_hal_dma.c.obj
 .comment       0x00000045       0x46 CMakeFiles/led_bill.elf.dir/Drivers/STM32F1xx_HAL_Driver/Src/stm32f1xx_hal_gpio.c.obj
 .comment       0x00000045       0x46 CMakeFiles/led_bill.elf.dir/Drivers/STM32F1xx_HAL_Driver/Src/stm32f1xx_hal_rcc.c.obj
 .comment       0x00000045       0x46 CMakeFiles/led_bill.elf.dir/Drivers/STM32F1xx_HAL_Driver/Src/stm32f1xx_hal_uart.c.obj

.debug_frame    0x00000000     0x27b0
 .debug_frame   0x00000000       0x64 CMakeFiles/led_bill.elf.dir/Bsp/Src/Bsp_usart.c.obj
 .debug_frame   0x00000064       0x30 CMakeFiles/led_bill.elf.dir/Core/Src/gpio.c.obj
 .debug_frame   0x00000094       0x58 CMakeFiles/led_bill.elf.dir/Core/Src/main.c.obj
 .debug_frame   0x000000ec       0x28 CMakeFiles/led_bill.elf.dir/Core/Src/stm32f1xx_hal_msp.c.obj
 .debug_frame   0x00000114       0xc0 CMakeFiles/led_bill.elf.dir/Core/Src/stm32f1xx_it.c.obj
 .debug_frame   0x000001d4      0x190 CMakeFiles/led_bill.elf.dir/Core/Src/syscalls.c.obj
 .debug_frame   0x00000364       0x28 CMakeFiles/led_bill.elf.dir/Core/Src/sysmem.c.obj
 .debug_frame   0x0000038c       0x30 CMakeFiles/led_bill.elf.dir/Core/Src/system_stm32f1xx.c.obj
 .debug_frame   0x000003bc       0x64 CMakeFiles/led_bill.elf.dir/Core/Src/usart.c.obj
 .debug_frame   0x00000420      0x1cc CMakeFiles/led_bill.elf.dir/Drivers/STM32F1xx_HAL_Driver/Src/stm32f1xx_hal.c.obj
 .debug_frame   0x000005ec      0x19c CMakeFiles/led_bill.elf.dir/Drivers/STM32F1xx_HAL_Driver/Src/stm32f1xx_hal_cortex.c.obj
 .debug_frame   0x00000788      0x144 CMakeFiles/led_bill.elf.dir/Drivers/STM32F1xx_HAL_Driver/Src/stm32f1xx_hal_dma.c.obj